Archive member included to satisfy reference by file (symbol)

.pio/build/disco_f746ng/libf54/libModules.a(direct_origin.cpp.o)
                              .pio/build/disco_f746ng/src/main.cpp.o (arm_convolve_HWC_q7_RGB_Direct(signed char const*, unsigned short, unsigned short, signed char const*, unsigned short, unsigned short, unsigned short, unsigned short, signed char const*, unsigned short, unsigned short, signed char*, unsigned short, short*, signed char*))
.pio/build/disco_f746ng/libFrameworkArduino.a(HardwareSerial.cpp.o)
                              .pio/build/disco_f746ng/src/main.cpp.o (HardwareSerial::begin(unsigned long, unsigned char))
.pio/build/disco_f746ng/libFrameworkArduino.a(Stream.cpp.o)
                              .pio/build/disco_f746ng/libFrameworkArduino.a(HardwareSerial.cpp.o) (Stream::readBytes(char*, unsigned int))
.pio/build/disco_f746ng/libFrameworkArduino.a(WString.cpp.o)
                              .pio/build/disco_f746ng/libFrameworkArduino.a(Stream.cpp.o) (String::String(char const*))
.pio/build/disco_f746ng/libFrameworkArduino.a(abi.cpp.o)
                              .pio/build/disco_f746ng/libFrameworkArduino.a(Stream.cpp.o) (__cxa_pure_virtual)
.pio/build/disco_f746ng/libFrameworkArduino.a(dtostrf.c.o)
                              .pio/build/disco_f746ng/libFrameworkArduino.a(WString.cpp.o) (dtostrf)
.pio/build/disco_f746ng/libFrameworkArduino.a(itoa.c.o)
                              .pio/build/disco_f746ng/libFrameworkArduino.a(WString.cpp.o) (ltoa)
.pio/build/disco_f746ng/libFrameworkArduino.a(main.cpp.o)
                              c:/users/hci-lab01/.platformio/packages/toolchain-gccarmnoneeabi/bin/../lib/gcc/arm-none-eabi/9.2.1/../../../../arm-none-eabi/lib/thumb/v7e-m+fp/hard/crt0.o (main)
.pio/build/disco_f746ng/libFrameworkArduino.a(startup_stm32yyxx.S.o)
                              (Reset_Handler)
.pio/build/disco_f746ng/libFrameworkArduino.a(wiring_time.c.o)
                              .pio/build/disco_f746ng/libFrameworkArduino.a(Stream.cpp.o) (millis)
.pio/build/disco_f746ng/libFrameworkArduino.a(Print.cpp.o)
                              .pio/build/disco_f746ng/libFrameworkArduino.a(Stream.cpp.o) (Print::write(unsigned char const*, unsigned int))
.pio/build/disco_f746ng/libFrameworkArduino.a(WSerial.cpp.o)
                              .pio/build/disco_f746ng/libFrameworkArduino.a(main.cpp.o) (serialEventRun())
.pio/build/disco_f746ng/libFrameworkArduino.a(board.c.o)
                              .pio/build/disco_f746ng/libFrameworkArduino.a(main.cpp.o) (init)
.pio/build/disco_f746ng/libFrameworkArduino.a(hooks.c.o)
                              .pio/build/disco_f746ng/libFrameworkArduino.a(wiring_time.c.o) (yield)
c:/users/hci-lab01/.platformio/packages/toolchain-gccarmnoneeabi/bin/../lib/gcc/arm-none-eabi/9.2.1/thumb/v7e-m+fp/hard\libgcc.a(_arm_muldf3.o)
                              .pio/build/disco_f746ng/SrcWrapper/src/HardwareTimer.cpp.o (__aeabi_dmul)
c:/users/hci-lab01/.platformio/packages/toolchain-gccarmnoneeabi/bin/../lib/gcc/arm-none-eabi/9.2.1/thumb/v7e-m+fp/hard\libgcc.a(_arm_addsubdf3.o)
                              .pio/build/disco_f746ng/libFrameworkArduino.a(dtostrf.c.o) (__aeabi_dsub)
c:/users/hci-lab01/.platformio/packages/toolchain-gccarmnoneeabi/bin/../lib/gcc/arm-none-eabi/9.2.1/thumb/v7e-m+fp/hard\libgcc.a(_arm_muldivdf3.o)
                              .pio/build/disco_f746ng/SrcWrapper/src/HardwareTimer.cpp.o (__aeabi_ddiv)
c:/users/hci-lab01/.platformio/packages/toolchain-gccarmnoneeabi/bin/../lib/gcc/arm-none-eabi/9.2.1/thumb/v7e-m+fp/hard\libgcc.a(_arm_cmpdf2.o)
                              .pio/build/disco_f746ng/libFrameworkArduino.a(dtostrf.c.o) (__aeabi_dcmplt)
c:/users/hci-lab01/.platformio/packages/toolchain-gccarmnoneeabi/bin/../lib/gcc/arm-none-eabi/9.2.1/thumb/v7e-m+fp/hard\libgcc.a(_arm_unorddf2.o)
                              .pio/build/disco_f746ng/libFrameworkArduino.a(Print.cpp.o) (__aeabi_dcmpun)
c:/users/hci-lab01/.platformio/packages/toolchain-gccarmnoneeabi/bin/../lib/gcc/arm-none-eabi/9.2.1/thumb/v7e-m+fp/hard\libgcc.a(_arm_fixdfsi.o)
                              .pio/build/disco_f746ng/libFrameworkArduino.a(dtostrf.c.o) (__aeabi_d2iz)
c:/users/hci-lab01/.platformio/packages/toolchain-gccarmnoneeabi/bin/../lib/gcc/arm-none-eabi/9.2.1/thumb/v7e-m+fp/hard\libgcc.a(_arm_fixunsdfsi.o)
                              .pio/build/disco_f746ng/SrcWrapper/src/HardwareTimer.cpp.o (__aeabi_d2uiz)
c:/users/hci-lab01/.platformio/packages/toolchain-gccarmnoneeabi/bin/../lib/gcc/arm-none-eabi/9.2.1/thumb/v7e-m+fp/hard\libgcc.a(_arm_truncdfsf2.o)
                              .pio/build/disco_f746ng/libFrameworkArduino.a(Stream.cpp.o) (__aeabi_d2f)
c:/users/hci-lab01/.platformio/packages/toolchain-gccarmnoneeabi/bin/../lib/gcc/arm-none-eabi/9.2.1/thumb/v7e-m+fp/hard\libgcc.a(_aeabi_ldivmod.o)
                              .pio/build/disco_f746ng/SrcWrapper/src/HAL/stm32yyxx_hal_rcc.c.o (__aeabi_ldivmod)
[...]
Memory Configuration

Name             Origin             Length             Attributes
*default*        0x0000000000000000 0xffffffffffffffff
RAM              0x0000000020000000 0x0000000000050000 xrw
FLASH            0x0000000008000000 0x0000000000100000 xr

Linker script and memory map

                0x0000000020050000                _estack = (ORIGIN (RAM) + LENGTH (RAM))
                0x0000000000000200                _Min_Heap_Size = 0x200
                0x0000000000000400                _Min_Stack_Size = 0x400

.isr_vector     0x0000000008000000      0x1c8
                0x0000000008000000                . = ALIGN (0x4)
 *(.isr_vector)
 .isr_vector    0x0000000008000000      0x1c8 .pio/build/disco_f746ng/libFrameworkArduino.a(startup_stm32yyxx.S.o)
                0x0000000008000000                g_pfnVectors
                0x00000000080001c8                . = ALIGN (0x4)

.text           0x00000000080001d0     0x541c
                0x00000000080001d0                . = ALIGN (0x4)
 *(.text)
 .text          0x00000000080001d0       0x30 c:/users/hci-lab01/.platformio/packages/toolchain-gccarmnoneeabi/bin/../lib/gcc/arm-none-eabi/9.2.1/thumb/v7e-m+fp/hard\libgcc.a(_aeabi_uldivmod.o)
                0x00000000080001d0                __aeabi_uldivmod
 .text          0x0000000008000200        0x4 c:/users/hci-lab01/.platformio/packages/toolchain-gccarmnoneeabi/bin/../lib/gcc/arm-none-eabi/9.2.1/thumb/v7e-m+fp/hard\libgcc.a(_dvmd_tls.o)
                0x0000000008000200                __aeabi_idiv0
                0x0000000008000200                __aeabi_ldiv0
 *fill*         0x0000000008000204        0xc 
 .text          0x0000000008000210       0xa0 c:/users/hci-lab01/.platformio/packages/toolchain-gccarmnoneeabi/bin/../lib/gcc/arm-none-eabi/9.2.1/../../../../arm-none-eabi/lib/thumb/v7e-m+fp/hard\libc_nano.a(lib_a-memchr.o)
                0x0000000008000210                memchr
 *(.text*)
 .text.__do_global_dtors_aux
                0x00000000080002b0       0x24 c:/users/hci-lab01/.platformio/packages/toolchain-gccarmnoneeabi/bin/../lib/gcc/arm-none-eabi/9.2.1/thumb/v7e-m+fp/hard/crtbegin.o
 .text.frame_dummy
                0x00000000080002d4       0x1c c:/users/hci-lab01/.platformio/packages/toolchain-gccarmnoneeabi/bin/../lib/gcc/arm-none-eabi/9.2.1/thumb/v7e-m+fp/hard/crtbegin.o
 .text.SystemClock_Config
                0x00000000080002f0       0xe0 .pio/build/disco_f746ng/FrameworkArduinoVariant/variant_DISCO_F746NG.cpp.o
                0x00000000080002f0                SystemClock_Config
 .text.HAL_MspInit
                0x00000000080003d0        0x4 .pio/build/disco_f746ng/SrcWrapper/src/HAL/stm32yyxx_hal.c.o
                0x00000000080003d0                HAL_MspInit
 .text.HAL_InitTick
                0x00000000080003d4       0x48 .pio/build/disco_f746ng/SrcWrapper/src/HAL/stm32yyxx_hal.c.o
                0x00000000080003d4                HAL_InitTick
 .text.HAL_Init
                0x000000000800041c       0x2c .pio/build/disco_f746ng/SrcWrapper/src/HAL/stm32yyxx_hal.c.o
                0x000000000800041c                HAL_Init
 .text.HAL_IncTick
                0x0000000008000448       0x18 .pio/build/disco_f746ng/SrcWrapper/src/HAL/stm32yyxx_hal.c.o
                0x0000000008000448                HAL_IncTick
 .text.HAL_GetTick
                0x0000000008000460        0xc .pio/build/disco_f746ng/SrcWrapper/src/HAL/stm32yyxx_hal.c.o
                0x0000000008000460                HAL_GetTick
 .text.HAL_NVIC_SetPriorityGrouping
                0x000000000800046c       0x28 .pio/build/disco_f746ng/SrcWrapper/src/HAL/stm32yyxx_hal_cortex.c.o
                0x000000000800046c                HAL_NVIC_SetPriorityGrouping
 .text.HAL_NVIC_SetPriority
                0x0000000008000494       0x74 .pio/build/disco_f746ng/SrcWrapper/src/HAL/stm32yyxx_hal_cortex.c.o
                0x0000000008000494                HAL_NVIC_SetPriority
 .text.HAL_NVIC_EnableIRQ
                0x0000000008000508       0x1c .pio/build/disco_f746ng/SrcWrapper/src/HAL/stm32yyxx_hal_cortex.c.o
                0x0000000008000508                HAL_NVIC_EnableIRQ
 .text.HAL_NVIC_DisableIRQ
                0x0000000008000524       0x28 .pio/build/disco_f746ng/SrcWrapper/src/HAL/stm32yyxx_hal_cortex.c.o
                0x0000000008000524                HAL_NVIC_DisableIRQ
 .text.HAL_SYSTICK_Config
                0x000000000800054c       0x30 .pio/build/disco_f746ng/SrcWrapper/src/HAL/stm32yyxx_hal_cortex.c.o
                0x000000000800054c                HAL_SYSTICK_Config
 .text.HAL_NVIC_ClearPendingIRQ
                0x000000000800057c       0x20 .pio/build/disco_f746ng/SrcWrapper/src/HAL/stm32yyxx_hal_cortex.c.o
                0x000000000800057c                HAL_NVIC_ClearPendingIRQ
 .text.HAL_SYSTICK_Callback
                0x000000000800059c        0x4 .pio/build/disco_f746ng/SrcWrapper/src/HAL/stm32yyxx_hal_cortex.c.o
                0x000000000800059c                HAL_SYSTICK_Callback
 .text.HAL_SYSTICK_IRQHandler
                0x00000000080005a0        0x8 .pio/build/disco_f746ng/SrcWrapper/src/HAL/stm32yyxx_hal_cortex.c.o
                0x00000000080005a0                HAL_SYSTICK_IRQHandler
 .text.HAL_CRC_MspInit
                0x00000000080005a8        0x4 .pio/build/disco_f746ng/SrcWrapper/src/HAL/stm32yyxx_hal_crc.c.o
                0x00000000080005a8                HAL_CRC_MspInit
 .text.HAL_CRC_Init
                0x00000000080005ac       0x7c .pio/build/disco_f746ng/SrcWrapper/src/HAL/stm32yyxx_hal_crc.c.o
                0x00000000080005ac                HAL_CRC_Init
 .text.HAL_CRCEx_Polynomial_Set
                0x0000000008000628       0x64 .pio/build/disco_f746ng/SrcWrapper/src/HAL/stm32yyxx_hal_crc_ex.c.o
                0x0000000008000628                HAL_CRCEx_Polynomial_Set
 .text.HAL_DMA_Abort
                0x000000000800068c       0x90 .pio/build/disco_f746ng/SrcWrapper/src/HAL/stm32yyxx_hal_dma.c.o
                0x000000000800068c                HAL_DMA_Abort
 .text.HAL_DMA_Abort_IT
                0x000000000800071c       0x28 .pio/build/disco_f746ng/SrcWrapper/src/HAL/stm32yyxx_hal_dma.c.o
                0x000000000800071c                HAL_DMA_Abort_IT
 .text.HAL_GPIO_EXTI_IRQHandler
                0x0000000008000744       0x18 .pio/build/disco_f746ng/SrcWrapper/src/HAL/stm32yyxx_hal_gpio.c.o
                0x0000000008000744                HAL_GPIO_EXTI_IRQHandler
 .text.HAL_PWREx_EnableOverDrive
                0x000000000800075c       0x78 .pio/build/disco_f746ng/SrcWrapper/src/HAL/stm32yyxx_hal_pwr_ex.c.o
                0x000000000800075c                HAL_PWREx_EnableOverDrive
 .text.HAL_RCC_OscConfig
                0x00000000080007d4      0x3f4 .pio/build/disco_f746ng/SrcWrapper/src/HAL/stm32yyxx_hal_rcc.c.o
                0x00000000080007d4                HAL_RCC_OscConfig
 .text.HAL_RCC_ClockConfig
                0x0000000008000bc8      0x1a8 .pio/build/disco_f746ng/SrcWrapper/src/HAL/stm32yyxx_hal_rcc.c.o
                0x0000000008000bc8                HAL_RCC_ClockConfig
 .text.HAL_RCC_GetSysClockFreq
                0x0000000008000d70       0x68 .pio/build/disco_f746ng/SrcWrapper/src/HAL/stm32yyxx_hal_rcc.c.o
                0x0000000008000d70                HAL_RCC_GetSysClockFreq
 .text.HAL_RCC_GetPCLK1Freq
                0x0000000008000dd8       0x20 .pio/build/disco_f746ng/SrcWrapper/src/HAL/stm32yyxx_hal_rcc.c.o
                0x0000000008000dd8                HAL_RCC_GetPCLK1Freq
 .text.HAL_RCC_GetPCLK2Freq
                0x0000000008000df8       0x20 .pio/build/disco_f746ng/SrcWrapper/src/HAL/stm32yyxx_hal_rcc.c.o
                0x0000000008000df8                HAL_RCC_GetPCLK2Freq
 .text.HAL_RCCEx_PeriphCLKConfig
                0x0000000008000e18      0x534 .pio/build/disco_f746ng/SrcWrapper/src/HAL/stm32yyxx_hal_rcc_ex.c.o
                0x0000000008000e18                HAL_RCCEx_PeriphCLKConfig
 .text.HAL_TIM_PWM_PulseFinishedCallback
                0x000000000800134c        0x4 .pio/build/disco_f746ng/SrcWrapper/src/HAL/stm32yyxx_hal_tim.c.o
                0x000000000800134c                HAL_TIM_PWM_PulseFinishedCallback
 .text.HAL_TIM_TriggerCallback
                0x0000000008001350        0x4 .pio/build/disco_f746ng/SrcWrapper/src/HAL/stm32yyxx_hal_tim.c.o
                0x0000000008001350                HAL_TIM_TriggerCallback
 .text.HAL_TIM_IRQHandler
                0x0000000008001354      0x170 .pio/build/disco_f746ng/SrcWrapper/src/HAL/stm32yyxx_hal_tim.c.o
                0x0000000008001354                HAL_TIM_IRQHandler
 .text.HAL_TIMEx_CommutCallback
                0x00000000080014c4        0x4 .pio/build/disco_f746ng/SrcWrapper/src/HAL/stm32yyxx_hal_tim_ex.c.o
                0x00000000080014c4                HAL_TIMEx_CommutCallback
 .text.HAL_TIMEx_BreakCallback
                0x00000000080014c8        0x4 .pio/build/disco_f746ng/SrcWrapper/src/HAL/stm32yyxx_hal_tim_ex.c.o
                0x00000000080014c8                HAL_TIMEx_BreakCallback
 .text.HAL_TIMEx_Break2Callback
                0x00000000080014cc        0x4 .pio/build/disco_f746ng/SrcWrapper/src/HAL/stm32yyxx_hal_tim_ex.c.o
                0x00000000080014cc                HAL_TIMEx_Break2Callback
 .text.UART_TxISR_16BIT
                0x00000000080014d0       0x54 .pio/build/disco_f746ng/SrcWrapper/src/HAL/stm32yyxx_hal_uart.c.o
 .text.UART_TxISR_8BIT
                0x0000000008001524       0x50 .pio/build/disco_f746ng/SrcWrapper/src/HAL/stm32yyxx_hal_uart.c.o
 .text.HAL_UART_MspInit
                0x0000000008001574        0x4 .pio/build/disco_f746ng/SrcWrapper/src/HAL/stm32yyxx_hal_uart.c.o
                0x0000000008001574                HAL_UART_MspInit
 .text.HAL_UART_Transmit_IT
                0x0000000008001578       0x64 .pio/build/disco_f746ng/SrcWrapper/src/HAL/stm32yyxx_hal_uart.c.o
                0x0000000008001578                HAL_UART_Transmit_IT
 .text.HAL_UART_Receive_IT
                0x00000000080015dc      0x128 .pio/build/disco_f746ng/SrcWrapper/src/HAL/stm32yyxx_hal_uart.c.o
                0x00000000080015dc                HAL_UART_Receive_IT
 .text.UART_DMAAbortOnError
                0x0000000008001704       0x14 .pio/build/disco_f746ng/SrcWrapper/src/HAL/stm32yyxx_hal_uart.c.o
 .text.HAL_UARTEx_RxEventCallback
                0x0000000008001718        0x4 .pio/build/disco_f746ng/SrcWrapper/src/HAL/stm32yyxx_hal_uart.c.o
                0x0000000008001718                HAL_UARTEx_RxEventCallback
 .text.HAL_UART_IRQHandler
                0x000000000800171c      0x2f4 .pio/build/disco_f746ng/SrcWrapper/src/HAL/stm32yyxx_hal_uart.c.o
                0x000000000800171c                HAL_UART_IRQHandler
 .text.UART_RxISR_8BIT.part.0
                0x0000000008001a10       0x68 .pio/build/disco_f746ng/SrcWrapper/src/HAL/stm32yyxx_hal_uart.c.o
 .text.UART_RxISR_16BIT
                0x0000000008001a78       0x4c .pio/build/disco_f746ng/SrcWrapper/src/HAL/stm32yyxx_hal_uart.c.o
 .text.UART_RxISR_8BIT
                0x0000000008001ac4       0x4c .pio/build/disco_f746ng/SrcWrapper/src/HAL/stm32yyxx_hal_uart.c.o
 .text.HAL_HalfDuplex_EnableTransmitter
                0x0000000008001b10       0x4c .pio/build/disco_f746ng/SrcWrapper/src/HAL/stm32yyxx_hal_uart.c.o
                0x0000000008001b10                HAL_HalfDuplex_EnableTransmitter
 .text.HAL_HalfDuplex_EnableReceiver
                0x0000000008001b5c       0x4c .pio/build/disco_f746ng/SrcWrapper/src/HAL/stm32yyxx_hal_uart.c.o
                0x0000000008001b5c                HAL_HalfDuplex_EnableReceiver
 .text.HAL_UART_GetState
                0x0000000008001ba8        0xc .pio/build/disco_f746ng/SrcWrapper/src/HAL/stm32yyxx_hal_uart.c.o
                0x0000000008001ba8                HAL_UART_GetState
 .text.UART_SetConfig
                0x0000000008001bb4      0x2e8 .pio/build/disco_f746ng/SrcWrapper/src/HAL/stm32yyxx_hal_uart.c.o
                0x0000000008001bb4                UART_SetConfig
 .text.UART_AdvFeatureConfig
                0x0000000008001e9c       0xb0 .pio/build/disco_f746ng/SrcWrapper/src/HAL/stm32yyxx_hal_uart.c.o
                0x0000000008001e9c                UART_AdvFeatureConfig
 .text.HAL_UART_Init
                0x0000000008001f4c      0x128 .pio/build/disco_f746ng/SrcWrapper/src/HAL/stm32yyxx_hal_uart.c.o
                0x0000000008001f4c                HAL_UART_Init
 .text.UART_WaitOnFlagUntilTimeout
                0x0000000008002074       0xec .pio/build/disco_f746ng/SrcWrapper/src/HAL/stm32yyxx_hal_uart.c.o
                0x0000000008002074                UART_WaitOnFlagUntilTimeout
 .text.HAL_UART_Transmit
                0x0000000008002160      0x190 .pio/build/disco_f746ng/SrcWrapper/src/HAL/stm32yyxx_hal_uart.c.o
                0x0000000008002160                HAL_UART_Transmit
 .text.HAL_HalfDuplex_Init
                0x00000000080022f0      0x3a0 .pio/build/disco_f746ng/SrcWrapper/src/HAL/stm32yyxx_hal_uart.c.o
                0x00000000080022f0                HAL_HalfDuplex_Init
 .text.HAL_TIM_IC_CaptureCallback
                0x0000000008002690       0x4c .pio/build/disco_f746ng/SrcWrapper/src/HardwareTimer.cpp.o
                0x0000000008002690                HAL_TIM_IC_CaptureCallback
 .text.HAL_TIM_OC_DelayElapsedCallback
                0x00000000080026dc       0x4c .pio/build/disco_f746ng/SrcWrapper/src/HardwareTimer.cpp.o
                0x00000000080026dc                HAL_TIM_OC_DelayElapsedCallback
 .text.HAL_TIM_PeriodElapsedCallback
                0x0000000008002728       0x1c .pio/build/disco_f746ng/SrcWrapper/src/HardwareTimer.cpp.o
                0x0000000008002728                HAL_TIM_PeriodElapsedCallback
 .text.TIM1_UP_TIM10_IRQHandler
                0x0000000008002744       0x24 .pio/build/disco_f746ng/SrcWrapper/src/HardwareTimer.cpp.o
                0x0000000008002744                TIM1_UP_TIM10_IRQHandler
 .text.TIM1_CC_IRQHandler
                0x0000000008002768       0x14 .pio/build/disco_f746ng/SrcWrapper/src/HardwareTimer.cpp.o
                0x0000000008002768                TIM1_CC_IRQHandler
 .text.TIM2_IRQHandler
                0x000000000800277c       0x14 .pio/build/disco_f746ng/SrcWrapper/src/HardwareTimer.cpp.o
                0x000000000800277c                TIM2_IRQHandler
 .text.TIM3_IRQHandler
                0x0000000008002790       0x14 .pio/build/disco_f746ng/SrcWrapper/src/HardwareTimer.cpp.o
                0x0000000008002790                TIM3_IRQHandler
 .text.TIM4_IRQHandler
                0x00000000080027a4       0x14 .pio/build/disco_f746ng/SrcWrapper/src/HardwareTimer.cpp.o
                0x00000000080027a4                TIM4_IRQHandler
 .text.TIM5_IRQHandler
                0x00000000080027b8       0x14 .pio/build/disco_f746ng/SrcWrapper/src/HardwareTimer.cpp.o
                0x00000000080027b8                TIM5_IRQHandler
 .text.TIM6_DAC_IRQHandler
                0x00000000080027cc       0x14 .pio/build/disco_f746ng/SrcWrapper/src/HardwareTimer.cpp.o
                0x00000000080027cc                TIM6_DAC_IRQHandler
 .text.TIM7_IRQHandler
                0x00000000080027e0       0x14 .pio/build/disco_f746ng/SrcWrapper/src/HardwareTimer.cpp.o
                0x00000000080027e0                TIM7_IRQHandler
 .text.TIM8_UP_TIM13_IRQHandler
                0x00000000080027f4       0x24 .pio/build/disco_f746ng/SrcWrapper/src/HardwareTimer.cpp.o
                0x00000000080027f4                TIM8_UP_TIM13_IRQHandler
 .text.TIM8_CC_IRQHandler
                0x0000000008002818       0x14 .pio/build/disco_f746ng/SrcWrapper/src/HardwareTimer.cpp.o
                0x0000000008002818                TIM8_CC_IRQHandler
 .text.TIM1_BRK_TIM9_IRQHandler
                0x000000000800282c       0x14 .pio/build/disco_f746ng/SrcWrapper/src/HardwareTimer.cpp.o
                0x000000000800282c                TIM1_BRK_TIM9_IRQHandler
 .text.TIM1_TRG_COM_TIM11_IRQHandler
                0x0000000008002840       0x14 .pio/build/disco_f746ng/SrcWrapper/src/HardwareTimer.cpp.o
                0x0000000008002840                TIM1_TRG_COM_TIM11_IRQHandler
 .text.TIM8_BRK_TIM12_IRQHandler
                0x0000000008002854       0x14 .pio/build/disco_f746ng/SrcWrapper/src/HardwareTimer.cpp.o
                0x0000000008002854                TIM8_BRK_TIM12_IRQHandler
 .text.TIM8_TRG_COM_TIM14_IRQHandler
                0x0000000008002868       0x14 .pio/build/disco_f746ng/SrcWrapper/src/HardwareTimer.cpp.o
                0x0000000008002868                TIM8_TRG_COM_TIM14_IRQHandler
 .text.set_GPIO_Port_Clock
                0x000000000800287c      0x158 .pio/build/disco_f746ng/SrcWrapper/src/stm32/PortNames.c.o
                0x000000000800287c                set_GPIO_Port_Clock
 .text.getCurrentMicros
                0x00000000080029d4       0x58 .pio/build/disco_f746ng/SrcWrapper/src/stm32/clock.c.o
                0x00000000080029d4                getCurrentMicros
 .text.getCurrentMillis
                0x0000000008002a2c        0x4 .pio/build/disco_f746ng/SrcWrapper/src/stm32/clock.c.o
                0x0000000008002a2c                getCurrentMillis
 .text.noOsSystickHandler
                0x0000000008002a30        0x4 .pio/build/disco_f746ng/SrcWrapper/src/stm32/clock.c.o
                0x0000000008002a30                osSystickHandler
                0x0000000008002a30                noOsSystickHandler
 .text.SysTick_Handler
                0x0000000008002a34       0x10 .pio/build/disco_f746ng/SrcWrapper/src/stm32/clock.c.o
                0x0000000008002a34                SysTick_Handler
 .text.configHSECapacitorTuning
                0x0000000008002a44        0x4 .pio/build/disco_f746ng/SrcWrapper/src/stm32/clock.c.o
                0x0000000008002a44                configHSECapacitorTuning
 .text.configIPClock
                0x0000000008002a48       0x44 .pio/build/disco_f746ng/SrcWrapper/src/stm32/clock.c.o
                0x0000000008002a48                configIPClock
 .text.dwt_init
                0x0000000008002a8c       0x50 .pio/build/disco_f746ng/SrcWrapper/src/stm32/dwt.c.o
                0x0000000008002a8c                dwt_init
 .text.hw_config_init
                0x0000000008002adc       0x24 .pio/build/disco_f746ng/SrcWrapper/src/stm32/hw_config.c.o
                0x0000000008002adc                hw_config_init
 .text.HAL_GPIO_EXTI_Callback
                0x0000000008002b00       0x3c .pio/build/disco_f746ng/SrcWrapper/src/stm32/interrupt.cpp.o
                0x0000000008002b00                HAL_GPIO_EXTI_Callback
 .text.EXTI0_IRQHandler
                0x0000000008002b3c        0x8 .pio/build/disco_f746ng/SrcWrapper/src/stm32/interrupt.cpp.o
                0x0000000008002b3c                EXTI0_IRQHandler
 .text.EXTI1_IRQHandler
                0x0000000008002b44        0x8 .pio/build/disco_f746ng/SrcWrapper/src/stm32/interrupt.cpp.o
                0x0000000008002b44                EXTI1_IRQHandler
 .text.EXTI2_IRQHandler
                0x0000000008002b4c        0x8 .pio/build/disco_f746ng/SrcWrapper/src/stm32/interrupt.cpp.o
                0x0000000008002b4c                EXTI2_IRQHandler
 .text.EXTI3_IRQHandler
                0x0000000008002b54        0x8 .pio/build/disco_f746ng/SrcWrapper/src/stm32/interrupt.cpp.o
                0x0000000008002b54                EXTI3_IRQHandler
 .text.EXTI4_IRQHandler
                0x0000000008002b5c        0x8 .pio/build/disco_f746ng/SrcWrapper/src/stm32/interrupt.cpp.o
                0x0000000008002b5c                EXTI4_IRQHandler
 .text.EXTI9_5_IRQHandler
                0x0000000008002b64       0x18 .pio/build/disco_f746ng/SrcWrapper/src/stm32/interrupt.cpp.o
                0x0000000008002b64                EXTI9_5_IRQHandler
 .text.EXTI15_10_IRQHandler
                0x0000000008002b7c       0x18 .pio/build/disco_f746ng/SrcWrapper/src/stm32/interrupt.cpp.o
                0x0000000008002b7c                EXTI15_10_IRQHandler
 .text.startup._GLOBAL__sub_I__Z22stm32_interrupt_enableP12GPIO_TypeDeftSt8functionIFvvEEm
                0x0000000008002b94       0x8c .pio/build/disco_f746ng/SrcWrapper/src/stm32/interrupt.cpp.o
 .text.exit._GLOBAL__sub_D__Z22stm32_interrupt_enableP12GPIO_TypeDeftSt8functionIFvvEEm
                0x0000000008002c20       0x38 .pio/build/disco_f746ng/SrcWrapper/src/stm32/interrupt.cpp.o
 .text.pin_function
                0x0000000008002c58      0x1b0 .pio/build/disco_f746ng/SrcWrapper/src/stm32/pinmap.c.o
                0x0000000008002c58                pin_function
 .text.pinmap_pinout
                0x0000000008002e08       0x24 .pio/build/disco_f746ng/SrcWrapper/src/stm32/pinmap.c.o
                0x0000000008002e08                pinmap_pinout
 .text.pinmap_peripheral
                0x0000000008002e2c       0x20 .pio/build/disco_f746ng/SrcWrapper/src/stm32/pinmap.c.o
                0x0000000008002e2c                pinmap_peripheral
 .text.pinmap_pin
                0x0000000008002e4c       0x1c .pio/build/disco_f746ng/SrcWrapper/src/stm32/pinmap.c.o
                0x0000000008002e4c                pinmap_pin
 .text.pinmap_merge_peripheral
                0x0000000008002e68       0x14 .pio/build/disco_f746ng/SrcWrapper/src/stm32/pinmap.c.o
                0x0000000008002e68                pinmap_merge_peripheral
 .text.SystemInit
                0x0000000008002e7c       0x54 .pio/build/disco_f746ng/SrcWrapper/src/stm32/system_stm32yyxx.c.o
                0x0000000008002e7c                SystemInit
 .text.get_timer_obj
                0x0000000008002ed0        0x4 .pio/build/disco_f746ng/SrcWrapper/src/stm32/timer.c.o
                0x0000000008002ed0                get_timer_obj
 .text.uart_init.part.0
                0x0000000008002ed4      0x30c .pio/build/disco_f746ng/SrcWrapper/src/stm32/uart.c.o
 .text.uart_init
                0x00000000080031e0      0x314 .pio/build/disco_f746ng/SrcWrapper/src/stm32/uart.c.o
                0x00000000080031e0                uart_init
 .text.uart_debug_write
                0x00000000080034f4       0xf0 .pio/build/disco_f746ng/SrcWrapper/src/stm32/uart.c.o
                0x00000000080034f4                uart_debug_write
 .text.serial_tx_active
                0x00000000080035e4       0x24 .pio/build/disco_f746ng/SrcWrapper/src/stm32/uart.c.o
                0x00000000080035e4                serial_tx_active
 .text.uart_getc
                0x0000000008003608       0x48 .pio/build/disco_f746ng/SrcWrapper/src/stm32/uart.c.o
                0x0000000008003608                uart_getc
 .text.uart_attach_rx_callback
                0x0000000008003650       0x50 .pio/build/disco_f746ng/SrcWrapper/src/stm32/uart.c.o
                0x0000000008003650                uart_attach_rx_callback
 .text.uart_attach_tx_callback
                0x00000000080036a0       0x44 .pio/build/disco_f746ng/SrcWrapper/src/stm32/uart.c.o
                0x00000000080036a0                uart_attach_tx_callback
 .text.uart_enable_tx
                0x00000000080036e4       0x20 .pio/build/disco_f746ng/SrcWrapper/src/stm32/uart.c.o
                0x00000000080036e4                uart_enable_tx
 .text.uart_enable_rx
                0x0000000008003704       0x20 .pio/build/disco_f746ng/SrcWrapper/src/stm32/uart.c.o
                0x0000000008003704                uart_enable_rx
 .text.HAL_UART_RxCpltCallback
                0x0000000008003724        0x8 .pio/build/disco_f746ng/SrcWrapper/src/stm32/uart.c.o
                0x0000000008003724                HAL_UART_RxCpltCallback
 .text.HAL_UART_TxCpltCallback
                0x000000000800372c        0x8 .pio/build/disco_f746ng/SrcWrapper/src/stm32/uart.c.o
                0x000000000800372c                HAL_UART_TxCpltCallback
 .text.HAL_UART_ErrorCallback
                0x0000000008003734       0x60 .pio/build/disco_f746ng/SrcWrapper/src/stm32/uart.c.o
                0x0000000008003734                HAL_UART_ErrorCallback
 .text.USART1_IRQHandler
                0x0000000008003794       0x18 .pio/build/disco_f746ng/SrcWrapper/src/stm32/uart.c.o
                0x0000000008003794                USART1_IRQHandler
 .text.USART2_IRQHandler
                0x00000000080037ac       0x1c .pio/build/disco_f746ng/SrcWrapper/src/stm32/uart.c.o
                0x00000000080037ac                USART2_IRQHandler
 .text.USART3_IRQHandler
                0x00000000080037c8       0x1c .pio/build/disco_f746ng/SrcWrapper/src/stm32/uart.c.o
                0x00000000080037c8                USART3_IRQHandler
 .text.UART4_IRQHandler
                0x00000000080037e4       0x18 .pio/build/disco_f746ng/SrcWrapper/src/stm32/uart.c.o
                0x00000000080037e4                UART4_IRQHandler
 .text.UART5_IRQHandler
                0x00000000080037fc       0x18 .pio/build/disco_f746ng/SrcWrapper/src/stm32/uart.c.o
                0x00000000080037fc                UART5_IRQHandler
 .text.USART6_IRQHandler
                0x0000000008003814       0x18 .pio/build/disco_f746ng/SrcWrapper/src/stm32/uart.c.o
                0x0000000008003814                USART6_IRQHandler
 .text.UART7_IRQHandler
                0x000000000800382c       0x18 .pio/build/disco_f746ng/SrcWrapper/src/stm32/uart.c.o
                0x000000000800382c                UART7_IRQHandler
 .text.UART8_IRQHandler
                0x0000000008003844       0x18 .pio/build/disco_f746ng/SrcWrapper/src/stm32/uart.c.o
                0x0000000008003844                UART8_IRQHandler
 .text._sbrk    0x000000000800385c       0x48 .pio/build/disco_f746ng/SrcWrapper/src/syscalls.c.o
                0x000000000800385c                _sbrk
 .text._close   0x00000000080038a4        0x8 .pio/build/disco_f746ng/SrcWrapper/src/syscalls.c.o
                0x00000000080038a4                _close
 .text._fstat   0x00000000080038ac        0xc .pio/build/disco_f746ng/SrcWrapper/src/syscalls.c.o
                0x00000000080038ac                _fstat
 .text._isatty  0x00000000080038b8        0x4 .pio/build/disco_f746ng/SrcWrapper/src/syscalls.c.o
                0x00000000080038b8                _isatty
 .text._lseek   0x00000000080038bc        0x4 .pio/build/disco_f746ng/SrcWrapper/src/syscalls.c.o
                0x00000000080038bc                _lseek
 .text._read    0x00000000080038c0        0x4 .pio/build/disco_f746ng/SrcWrapper/src/syscalls.c.o
                0x00000000080038c0                _read
 .text.setup    0x00000000080038c4       0xa4 .pio/build/disco_f746ng/src/main.cpp.o
                0x00000000080038c4                setup
 .text.loop     0x0000000008003968       0xd4 .pio/build/disco_f746ng/src/main.cpp.o
                0x0000000008003968                loop
 .text._Z30arm_convolve_HWC_q7_RGB_DirectPKattS0_ttttS0_ttPatPsS1_
                0x0000000008003a3c      0x1c4 .pio/build/disco_f746ng/libf54/libModules.a(direct_origin.cpp.o)
                0x0000000008003a3c                arm_convolve_HWC_q7_RGB_Direct(signed char const*, unsigned short, unsigned short, signed char const*, unsigned short, unsigned short, unsigned short, unsigned short, signed char const*, unsigned short, unsigned short, signed char*, unsigned short, short*, signed char*)
 .text._ZN14HardwareSerial9availableEv
                0x0000000008003c00       0x10 .pio/build/disco_f746ng/libFrameworkArduino.a(HardwareSerial.cpp.o)
                0x0000000008003c00                HardwareSerial::available()
 .text._ZN14HardwareSerial4peekEv
                0x0000000008003c10       0x1c .pio/build/disco_f746ng/libFrameworkArduino.a(HardwareSerial.cpp.o)
                0x0000000008003c10                HardwareSerial::peek()
 .text._ZN14HardwareSerial17availableForWriteEv
                0x0000000008003c2c       0x1c .pio/build/disco_f746ng/libFrameworkArduino.a(HardwareSerial.cpp.o)
                0x0000000008003c2c                HardwareSerial::availableForWrite()
 .text._ZN14HardwareSerial5writeEh
                0x0000000008003c48       0x1c .pio/build/disco_f746ng/libFrameworkArduino.a(HardwareSerial.cpp.o)
                0x0000000008003c48                HardwareSerial::write(unsigned char)
 .text._ZN14HardwareSerial16_rx_complete_irqEP8serial_s
                0x0000000008003c64       0x3c .pio/build/disco_f746ng/libFrameworkArduino.a(HardwareSerial.cpp.o)
                0x0000000008003c64                HardwareSerial::_rx_complete_irq(serial_s*)
 .text._ZN14HardwareSerial16_tx_complete_irqEP8serial_s
                0x0000000008003ca0       0x68 .pio/build/disco_f746ng/libFrameworkArduino.a(HardwareSerial.cpp.o)
                0x0000000008003ca0                HardwareSerial::_tx_complete_irq(serial_s*)
 .text._ZN14HardwareSerial5flushEv
                0x0000000008003d08       0x14 .pio/build/disco_f746ng/libFrameworkArduino.a(HardwareSerial.cpp.o)
                0x0000000008003d08                HardwareSerial::flush()
 .text._ZN14HardwareSerial5writeEPKhj
                0x0000000008003d1c      0x17c .pio/build/disco_f746ng/libFrameworkArduino.a(HardwareSerial.cpp.o)
                0x0000000008003d1c                HardwareSerial::write(unsigned char const*, unsigned int)
 .text._ZN14HardwareSerial4readEv
                0x0000000008003e98       0x70 .pio/build/disco_f746ng/libFrameworkArduino.a(HardwareSerial.cpp.o)
                0x0000000008003e98                HardwareSerial::read()
 .text._ZN14HardwareSerialC2EPv16HalfDuplexMode_t
                0x0000000008003f08       0xc4 .pio/build/disco_f746ng/libFrameworkArduino.a(HardwareSerial.cpp.o)
                0x0000000008003f08                HardwareSerial::HardwareSerial(void*, HalfDuplexMode_t)
                0x0000000008003f08                HardwareSerial::HardwareSerial(void*, HalfDuplexMode_t)
 .text._ZN14HardwareSerial5beginEmh
                0x0000000008003fcc       0xcc .pio/build/disco_f746ng/libFrameworkArduino.a(HardwareSerial.cpp.o)
                0x0000000008003fcc                HardwareSerial::begin(unsigned long, unsigned char)
 .text.startup._GLOBAL__sub_I_Serial1
                0x0000000008004098       0x14 .pio/build/disco_f746ng/libFrameworkArduino.a(HardwareSerial.cpp.o)
 .text._ZN6Stream9readBytesEPcj
                0x00000000080040ac       0x40 .pio/build/disco_f746ng/libFrameworkArduino.a(Stream.cpp.o)
                0x00000000080040ac                Stream::readBytes(char*, unsigned int)
 .text._ZN6Stream14readBytesUntilEcPcj
                0x00000000080040ec       0x50 .pio/build/disco_f746ng/libFrameworkArduino.a(Stream.cpp.o)
                0x00000000080040ec                Stream::readBytesUntil(char, char*, unsigned int)
 .text.startup._Z7premainv
                0x000000000800413c       0x98 .pio/build/disco_f746ng/libFrameworkArduino.a(main.cpp.o)
                0x000000000800413c                premain()
 .text.startup.main
                0x00000000080041d4       0x14 .pio/build/disco_f746ng/libFrameworkArduino.a(main.cpp.o)
                0x00000000080041d4                main
 .text.Reset_Handler
                0x00000000080041e8       0x50 .pio/build/disco_f746ng/libFrameworkArduino.a(startup_stm32yyxx.S.o)
                0x00000000080041e8                Reset_Handler
 .text.Default_Handler
                0x0000000008004238        0x2 .pio/build/disco_f746ng/libFrameworkArduino.a(startup_stm32yyxx.S.o)
                0x0000000008004238                RTC_Alarm_IRQHandler
                0x0000000008004238                DebugMon_Handler
                0x0000000008004238                SPI4_IRQHandler
                0x0000000008004238                DMA2_Stream5_IRQHandler
                0x0000000008004238                HardFault_Handler
                0x0000000008004238                DMA1_Stream5_IRQHandler
                0x0000000008004238                PVD_IRQHandler
                0x0000000008004238                TAMP_STAMP_IRQHandler
                0x0000000008004238                PendSV_Handler
                0x0000000008004238                NMI_Handler
                0x0000000008004238                CAN2_RX1_IRQHandler
                0x0000000008004238                I2C3_ER_IRQHandler
                0x0000000008004238                I2C2_EV_IRQHandler
                0x0000000008004238                DMA1_Stream2_IRQHandler
                0x0000000008004238                CAN1_RX0_IRQHandler
                0x0000000008004238                FPU_IRQHandler
                0x0000000008004238                OTG_HS_WKUP_IRQHandler
                0x0000000008004238                UsageFault_Handler
                0x0000000008004238                LTDC_ER_IRQHandler
                0x0000000008004238                CAN2_SCE_IRQHandler
                0x0000000008004238                DMA2_Stream2_IRQHandler
                0x0000000008004238                SPI1_IRQHandler
                0x0000000008004238                DCMI_IRQHandler
                0x0000000008004238                CAN2_RX0_IRQHandler
                0x0000000008004238                DMA2_Stream3_IRQHandler
                0x0000000008004238                SAI2_IRQHandler
                0x0000000008004238                CAN1_RX1_IRQHandler
                0x0000000008004238                DMA2_Stream0_IRQHandler
                0x0000000008004238                QUADSPI_IRQHandler
                0x0000000008004238                I2C1_EV_IRQHandler
                0x0000000008004238                DMA1_Stream6_IRQHandler
                0x0000000008004238                DMA1_Stream1_IRQHandler
                0x0000000008004238                RCC_IRQHandler
                0x0000000008004238                Default_Handler
                0x0000000008004238                CEC_IRQHandler
                0x0000000008004238                ADC_IRQHandler
                0x0000000008004238                DMA1_Stream7_IRQHandler
                0x0000000008004238                SPI5_IRQHandler
                0x0000000008004238                SDMMC1_IRQHandler
                0x0000000008004238                CAN2_TX_IRQHandler
                0x0000000008004238                DMA2_Stream7_IRQHandler
                0x0000000008004238                I2C3_EV_IRQHandler
                0x0000000008004238                RTC_WKUP_IRQHandler
                0x0000000008004238                LTDC_IRQHandler
                0x0000000008004238                ETH_WKUP_IRQHandler
                0x0000000008004238                SPDIF_RX_IRQHandler
                0x0000000008004238                SPI2_IRQHandler
                0x0000000008004238                OTG_HS_EP1_IN_IRQHandler
                0x0000000008004238                MemManage_Handler
                0x0000000008004238                DMA1_Stream0_IRQHandler
                0x0000000008004238                CAN1_TX_IRQHandler
                0x0000000008004238                SVC_Handler
                0x0000000008004238                RNG_IRQHandler
                0x0000000008004238                ETH_IRQHandler
                0x0000000008004238                OTG_HS_EP1_OUT_IRQHandler
                0x0000000008004238                WWDG_IRQHandler
                0x0000000008004238                SPI6_IRQHandler
                0x0000000008004238                I2C4_EV_IRQHandler
                0x0000000008004238                OTG_FS_WKUP_IRQHandler
                0x0000000008004238                OTG_HS_IRQHandler
                0x0000000008004238                DMA2D_IRQHandler
                0x0000000008004238                I2C2_ER_IRQHandler
                0x0000000008004238                DMA2_Stream1_IRQHandler
                0x0000000008004238                CAN1_SCE_IRQHandler
                0x0000000008004238                FLASH_IRQHandler
                0x0000000008004238                DMA2_Stream4_IRQHandler
                0x0000000008004238                BusFault_Handler
                0x0000000008004238                OTG_FS_IRQHandler
                0x0000000008004238                SPI3_IRQHandler
                0x0000000008004238                DMA1_Stream4_IRQHandler
                0x0000000008004238                I2C1_ER_IRQHandler
                0x0000000008004238                FMC_IRQHandler
                0x0000000008004238                LPTIM1_IRQHandler
                0x0000000008004238                I2C4_ER_IRQHandler
                0x0000000008004238                DMA2_Stream6_IRQHandler
                0x0000000008004238                SAI1_IRQHandler
                0x0000000008004238                DMA1_Stream3_IRQHandler
 *fill*         0x000000000800423a        0x2 
 .text.millis   0x000000000800423c        0x4 .pio/build/disco_f746ng/libFrameworkArduino.a(wiring_time.c.o)
                0x000000000800423c                millis
 .text.micros   0x0000000008004240        0x4 .pio/build/disco_f746ng/libFrameworkArduino.a(wiring_time.c.o)
                0x0000000008004240                micros
 .text.delay    0x0000000008004244       0x20 .pio/build/disco_f746ng/libFrameworkArduino.a(wiring_time.c.o)
                0x0000000008004244                delay
 .text._ZN5Print5writeEPKhj
                0x0000000008004264       0x2c .pio/build/disco_f746ng/libFrameworkArduino.a(Print.cpp.o)
                0x0000000008004264                Print::write(unsigned char const*, unsigned int)
 .text._write   0x0000000008004290       0x4c .pio/build/disco_f746ng/libFrameworkArduino.a(Print.cpp.o)
                0x0000000008004290                _write
 .text._Z14serialEventRunv
                0x00000000080042dc       0x20 .pio/build/disco_f746ng/libFrameworkArduino.a(WSerial.cpp.o)
                0x00000000080042dc                serialEventRun()
 .text.init     0x00000000080042fc        0x4 .pio/build/disco_f746ng/libFrameworkArduino.a(board.c.o)
                0x00000000080042fc                init
 .text.__empty  0x0000000008004300        0x4 .pio/build/disco_f746ng/libFrameworkArduino.a(hooks.c.o)
                0x0000000008004300                yield
 .text.__udivmoddi4
                0x0000000008004304      0x2c4 c:/users/hci-lab01/.platformio/packages/toolchain-gccarmnoneeabi/bin/../lib/gcc/arm-none-eabi/9.2.1/thumb/v7e-m+fp/hard\libgcc.a(_udivmoddi4.o)
                0x0000000008004304                __udivmoddi4
 .text.__libc_init_array
                0x00000000080045c8       0x48 c:/users/hci-lab01/.platformio/packages/toolchain-gccarmnoneeabi/bin/../lib/gcc/arm-none-eabi/9.2.1/../../../../arm-none-eabi/lib/thumb/v7e-m+fp/hard\libc_nano.a(lib_a-init.o)
                0x00000000080045c8                __libc_init_array
 .text.memcpy   0x0000000008004610       0x1c c:/users/hci-lab01/.platformio/packages/toolchain-gccarmnoneeabi/bin/../lib/gcc/arm-none-eabi/9.2.1/../../../../arm-none-eabi/lib/thumb/v7e-m+fp/hard\libc_nano.a(lib_a-memcpy-stub.o)
                0x0000000008004610                memcpy
 .text.memset   0x000000000800462c       0x10 c:/users/hci-lab01/.platformio/packages/toolchain-gccarmnoneeabi/bin/../lib/gcc/arm-none-eabi/9.2.1/../../../../arm-none-eabi/lib/thumb/v7e-m+fp/hard\libc_nano.a(lib_a-memset.o)
                0x000000000800462c                memset
 .text._free_r  0x000000000800463c       0xa0 c:/users/hci-lab01/.platformio/packages/toolchain-gccarmnoneeabi/bin/../lib/gcc/arm-none-eabi/9.2.1/../../../../arm-none-eabi/lib/thumb/v7e-m+fp/hard\libc_nano.a(lib_a-nano-freer.o)
                0x000000000800463c                _free_r
 .text._malloc_r
                0x00000000080046dc       0xb4 c:/users/hci-lab01/.platformio/packages/toolchain-gccarmnoneeabi/bin/../lib/gcc/arm-none-eabi/9.2.1/../../../../arm-none-eabi/lib/thumb/v7e-m+fp/hard\libc_nano.a(lib_a-nano-mallocr.o)
                0x00000000080046dc                _malloc_r
 .text.printf   0x0000000008004790       0x30 c:/users/hci-lab01/.platformio/packages/toolchain-gccarmnoneeabi/bin/../lib/gcc/arm-none-eabi/9.2.1/../../../../arm-none-eabi/lib/thumb/v7e-m+fp/hard\libc_nano.a(lib_a-printf.o)
                0x0000000008004790                iprintf
                0x0000000008004790                printf
 .text._puts_r  0x00000000080047c0       0xdc c:/users/hci-lab01/.platformio/packages/toolchain-gccarmnoneeabi/bin/../lib/gcc/arm-none-eabi/9.2.1/../../../../arm-none-eabi/lib/thumb/v7e-m+fp/hard\libc_nano.a(lib_a-puts.o)
                0x00000000080047c0                _puts_r
 .text.puts     0x000000000800489c       0x10 c:/users/hci-lab01/.platformio/packages/toolchain-gccarmnoneeabi/bin/../lib/gcc/arm-none-eabi/9.2.1/../../../../arm-none-eabi/lib/thumb/v7e-m+fp/hard\libc_nano.a(lib_a-puts.o)
                0x000000000800489c                puts
 .text._sbrk_r  0x00000000080048ac       0x20 c:/users/hci-lab01/.platformio/packages/toolchain-gccarmnoneeabi/bin/../lib/gcc/arm-none-eabi/9.2.1/../../../../arm-none-eabi/lib/thumb/v7e-m+fp/hard\libc_nano.a(lib_a-sbrkr.o)
                0x00000000080048ac                _sbrk_r
 .text.__swbuf_r
                0x00000000080048cc       0xa4 c:/users/hci-lab01/.platformio/packages/toolchain-gccarmnoneeabi/bin/../lib/gcc/arm-none-eabi/9.2.1/../../../../arm-none-eabi/lib/thumb/v7e-m+fp/hard\libc_nano.a(lib_a-wbuf.o)
                0x00000000080048cc                __swbuf_r
 .text._write_r
                0x0000000008004970       0x24 c:/users/hci-lab01/.platformio/packages/toolchain-gccarmnoneeabi/bin/../lib/gcc/arm-none-eabi/9.2.1/../../../../arm-none-eabi/lib/thumb/v7e-m+fp/hard\libc_nano.a(lib_a-writer.o)
                0x0000000008004970                _write_r
 .text.__swsetup_r
                0x0000000008004994       0xdc c:/users/hci-lab01/.platformio/packages/toolchain-gccarmnoneeabi/bin/../lib/gcc/arm-none-eabi/9.2.1/../../../../arm-none-eabi/lib/thumb/v7e-m+fp/hard\libc_nano.a(lib_a-wsetup.o)
                0x0000000008004994                __swsetup_r
 .text.__sflush_r
                0x0000000008004a70      0x10c c:/users/hci-lab01/.platformio/packages/toolchain-gccarmnoneeabi/bin/../lib/gcc/arm-none-eabi/9.2.1/../../../../arm-none-eabi/lib/thumb/v7e-m+fp/hard\libc_nano.a(lib_a-fflush.o)
                0x0000000008004a70                __sflush_r
 .text._fflush_r
                0x0000000008004b7c       0x78 c:/users/hci-lab01/.platformio/packages/toolchain-gccarmnoneeabi/bin/../lib/gcc/arm-none-eabi/9.2.1/../../../../arm-none-eabi/lib/thumb/v7e-m+fp/hard\libc_nano.a(lib_a-fflush.o)
                0x0000000008004b7c                _fflush_r
 .text.std      0x0000000008004bf4       0x48 c:/users/hci-lab01/.platformio/packages/toolchain-gccarmnoneeabi/bin/../lib/gcc/arm-none-eabi/9.2.1/../../../../arm-none-eabi/lib/thumb/v7e-m+fp/hard\libc_nano.a(lib_a-findfp.o)
 .text._cleanup_r
                0x0000000008004c3c        0xc c:/users/hci-lab01/.platformio/packages/toolchain-gccarmnoneeabi/bin/../lib/gcc/arm-none-eabi/9.2.1/../../../../arm-none-eabi/lib/thumb/v7e-m+fp/hard\libc_nano.a(lib_a-findfp.o)
                0x0000000008004c3c                _cleanup_r
 .text.__sfmoreglue
                0x0000000008004c48       0x2c c:/users/hci-lab01/.platformio/packages/toolchain-gccarmnoneeabi/bin/../lib/gcc/arm-none-eabi/9.2.1/../../../../arm-none-eabi/lib/thumb/v7e-m+fp/hard\libc_nano.a(lib_a-findfp.o)
                0x0000000008004c48                __sfmoreglue
 .text.__sfp_lock_acquire
                0x0000000008004c74        0xc c:/users/hci-lab01/.platformio/packages/toolchain-gccarmnoneeabi/bin/../lib/gcc/arm-none-eabi/9.2.1/../../../../arm-none-eabi/lib/thumb/v7e-m+fp/hard\libc_nano.a(lib_a-findfp.o)
                0x0000000008004c74                __sfp_lock_acquire
 .text.__sfp_lock_release
                0x0000000008004c80        0xc c:/users/hci-lab01/.platformio/packages/toolchain-gccarmnoneeabi/bin/../lib/gcc/arm-none-eabi/9.2.1/../../../../arm-none-eabi/lib/thumb/v7e-m+fp/hard\libc_nano.a(lib_a-findfp.o)
                0x0000000008004c80                __sfp_lock_release
 .text.__sinit_lock_acquire
                0x0000000008004c8c        0xc c:/users/hci-lab01/.platformio/packages/toolchain-gccarmnoneeabi/bin/../lib/gcc/arm-none-eabi/9.2.1/../../../../arm-none-eabi/lib/thumb/v7e-m+fp/hard\libc_nano.a(lib_a-findfp.o)
                0x0000000008004c8c                __sinit_lock_acquire
 .text.__sinit_lock_release
                0x0000000008004c98        0xc c:/users/hci-lab01/.platformio/packages/toolchain-gccarmnoneeabi/bin/../lib/gcc/arm-none-eabi/9.2.1/../../../../arm-none-eabi/lib/thumb/v7e-m+fp/hard\libc_nano.a(lib_a-findfp.o)
                0x0000000008004c98                __sinit_lock_release
 .text.__sinit  0x0000000008004ca4       0x70 c:/users/hci-lab01/.platformio/packages/toolchain-gccarmnoneeabi/bin/../lib/gcc/arm-none-eabi/9.2.1/../../../../arm-none-eabi/lib/thumb/v7e-m+fp/hard\libc_nano.a(lib_a-findfp.o)
                0x0000000008004ca4                __sinit
 .text.__sfp    0x0000000008004d14       0x8c c:/users/hci-lab01/.platformio/packages/toolchain-gccarmnoneeabi/bin/../lib/gcc/arm-none-eabi/9.2.1/../../../../arm-none-eabi/lib/thumb/v7e-m+fp/hard\libc_nano.a(lib_a-findfp.o)
                0x0000000008004d14                __sfp
 .text._fwalk_reent
                0x0000000008004da0       0x3e c:/users/hci-lab01/.platformio/packages/toolchain-gccarmnoneeabi/bin/../lib/gcc/arm-none-eabi/9.2.1/../../../../arm-none-eabi/lib/thumb/v7e-m+fp/hard\libc_nano.a(lib_a-fwalk.o)
                0x0000000008004da0                _fwalk_reent
 .text.__retarget_lock_init_recursive
                0x0000000008004dde        0x2 c:/users/hci-lab01/.platformio/packages/toolchain-gccarmnoneeabi/bin/../lib/gcc/arm-none-eabi/9.2.1/../../../../arm-none-eabi/lib/thumb/v7e-m+fp/hard\libc_nano.a(lib_a-lock.o)
                0x0000000008004dde                __retarget_lock_init_recursive
 .text.__retarget_lock_acquire_recursive
                0x0000000008004de0        0x2 c:/users/hci-lab01/.platformio/packages/toolchain-gccarmnoneeabi/bin/../lib/gcc/arm-none-eabi/9.2.1/../../../../arm-none-eabi/lib/thumb/v7e-m+fp/hard\libc_nano.a(lib_a-lock.o)
                0x0000000008004de0                __retarget_lock_acquire_recursive
 .text.__retarget_lock_release_recursive
                0x0000000008004de2        0x2 c:/users/hci-lab01/.platformio/packages/toolchain-gccarmnoneeabi/bin/../lib/gcc/arm-none-eabi/9.2.1/../../../../arm-none-eabi/lib/thumb/v7e-m+fp/hard\libc_nano.a(lib_a-lock.o)
                0x0000000008004de2                __retarget_lock_release_recursive
 .text.__swhatbuf_r
                0x0000000008004de4       0x48 c:/users/hci-lab01/.platformio/packages/toolchain-gccarmnoneeabi/bin/../lib/gcc/arm-none-eabi/9.2.1/../../../../arm-none-eabi/lib/thumb/v7e-m+fp/hard\libc_nano.a(lib_a-makebuf.o)
                0x0000000008004de4                __swhatbuf_r
 .text.__smakebuf_r
                0x0000000008004e2c       0x80 c:/users/hci-lab01/.platformio/packages/toolchain-gccarmnoneeabi/bin/../lib/gcc/arm-none-eabi/9.2.1/../../../../arm-none-eabi/lib/thumb/v7e-m+fp/hard\libc_nano.a(lib_a-makebuf.o)
                0x0000000008004e2c                __smakebuf_r
 .text.__malloc_lock
                0x0000000008004eac        0xc c:/users/hci-lab01/.platformio/packages/toolchain-gccarmnoneeabi/bin/../lib/gcc/arm-none-eabi/9.2.1/../../../../arm-none-eabi/lib/thumb/v7e-m+fp/hard\libc_nano.a(lib_a-mlock.o)
                0x0000000008004eac                __malloc_lock
 .text.__malloc_unlock
                0x0000000008004eb8        0xc c:/users/hci-lab01/.platformio/packages/toolchain-gccarmnoneeabi/bin/../lib/gcc/arm-none-eabi/9.2.1/../../../../arm-none-eabi/lib/thumb/v7e-m+fp/hard\libc_nano.a(lib_a-mlock.o)
                0x0000000008004eb8                __malloc_unlock
 .text.__sfputc_r
                0x0000000008004ec4       0x2e c:/users/hci-lab01/.platformio/packages/toolchain-gccarmnoneeabi/bin/../lib/gcc/arm-none-eabi/9.2.1/../../../../arm-none-eabi/lib/thumb/v7e-m+fp/hard\libc_nano.a(lib_a-nano-vfprintf.o)
 .text.__sfputs_r
                0x0000000008004ef2       0x24 c:/users/hci-lab01/.platformio/packages/toolchain-gccarmnoneeabi/bin/../lib/gcc/arm-none-eabi/9.2.1/../../../../arm-none-eabi/lib/thumb/v7e-m+fp/hard\libc_nano.a(lib_a-nano-vfprintf.o)
                0x0000000008004ef2                __sfputs_r
 *fill*         0x0000000008004f16        0x2 
 .text._vfprintf_r
                0x0000000008004f18      0x260 c:/users/hci-lab01/.platformio/packages/toolchain-gccarmnoneeabi/bin/../lib/gcc/arm-none-eabi/9.2.1/../../../../arm-none-eabi/lib/thumb/v7e-m+fp/hard\libc_nano.a(lib_a-nano-vfprintf.o)
                0x0000000008004f18                _vfprintf_r
                0x0000000008004f18                _vfiprintf_r
 .text._printf_common
                0x0000000008005178       0xda c:/users/hci-lab01/.platformio/packages/toolchain-gccarmnoneeabi/bin/../lib/gcc/arm-none-eabi/9.2.1/../../../../arm-none-eabi/lib/thumb/v7e-m+fp/hard\libc_nano.a(lib_a-nano-vfprintf_i.o)
                0x0000000008005178                _printf_common
 *fill*         0x0000000008005252        0x2 
 .text._printf_i
                0x0000000008005254      0x24c c:/users/hci-lab01/.platformio/packages/toolchain-gccarmnoneeabi/bin/../lib/gcc/arm-none-eabi/9.2.1/../../../../arm-none-eabi/lib/thumb/v7e-m+fp/hard\libc_nano.a(lib_a-nano-vfprintf_i.o)
                0x0000000008005254                _printf_i
 .text.__sread  0x00000000080054a0       0x22 c:/users/hci-lab01/.platformio/packages/toolchain-gccarmnoneeabi/bin/../lib/gcc/arm-none-eabi/9.2.1/../../../../arm-none-eabi/lib/thumb/v7e-m+fp/hard\libc_nano.a(lib_a-stdio.o)
                0x00000000080054a0                __sread
 .text.__swrite
                0x00000000080054c2       0x38 c:/users/hci-lab01/.platformio/packages/toolchain-gccarmnoneeabi/bin/../lib/gcc/arm-none-eabi/9.2.1/../../../../arm-none-eabi/lib/thumb/v7e-m+fp/hard\libc_nano.a(lib_a-stdio.o)
                0x00000000080054c2                __swrite
 .text.__sseek  0x00000000080054fa       0x24 c:/users/hci-lab01/.platformio/packages/toolchain-gccarmnoneeabi/bin/../lib/gcc/arm-none-eabi/9.2.1/../../../../arm-none-eabi/lib/thumb/v7e-m+fp/hard\libc_nano.a(lib_a-stdio.o)
                0x00000000080054fa                __sseek
 .text.__sclose
                0x000000000800551e        0x8 c:/users/hci-lab01/.platformio/packages/toolchain-gccarmnoneeabi/bin/../lib/gcc/arm-none-eabi/9.2.1/../../../../arm-none-eabi/lib/thumb/v7e-m+fp/hard\libc_nano.a(lib_a-stdio.o)
                0x000000000800551e                __sclose
 *fill*         0x0000000008005526        0x2 
 .text._close_r
                0x0000000008005528       0x20 c:/users/hci-lab01/.platformio/packages/toolchain-gccarmnoneeabi/bin/../lib/gcc/arm-none-eabi/9.2.1/../../../../arm-none-eabi/lib/thumb/v7e-m+fp/hard\libc_nano.a(lib_a-closer.o)
                0x0000000008005528                _close_r
 .text._fstat_r
                0x0000000008005548       0x24 c:/users/hci-lab01/.platformio/packages/toolchain-gccarmnoneeabi/bin/../lib/gcc/arm-none-eabi/9.2.1/../../../../arm-none-eabi/lib/thumb/v7e-m+fp/hard\libc_nano.a(lib_a-fstatr.o)
                0x0000000008005548                _fstat_r
 .text._isatty_r
                0x000000000800556c       0x20 c:/users/hci-lab01/.platformio/packages/toolchain-gccarmnoneeabi/bin/../lib/gcc/arm-none-eabi/9.2.1/../../../../arm-none-eabi/lib/thumb/v7e-m+fp/hard\libc_nano.a(lib_a-isattyr.o)
                0x000000000800556c                _isatty_r
 .text._lseek_r
                0x000000000800558c       0x24 c:/users/hci-lab01/.platformio/packages/toolchain-gccarmnoneeabi/bin/../lib/gcc/arm-none-eabi/9.2.1/../../../../arm-none-eabi/lib/thumb/v7e-m+fp/hard\libc_nano.a(lib_a-lseekr.o)
                0x000000000800558c                _lseek_r
 .text._read_r  0x00000000080055b0       0x24 c:/users/hci-lab01/.platformio/packages/toolchain-gccarmnoneeabi/bin/../lib/gcc/arm-none-eabi/9.2.1/../../../../arm-none-eabi/lib/thumb/v7e-m+fp/hard\libc_nano.a(lib_a-readr.o)
                0x00000000080055b0                _read_r
 *(.glue_7)
 .glue_7        0x00000000080055d4        0x0 linker stubs
 *(.glue_7t)
 .glue_7t       0x00000000080055d4        0x0 linker stubs
 *(.eh_frame)
 .eh_frame      0x00000000080055d4        0x0 c:/users/hci-lab01/.platformio/packages/toolchain-gccarmnoneeabi/bin/../lib/gcc/arm-none-eabi/9.2.1/thumb/v7e-m+fp/hard/crtbegin.o
 *(.init)
 .init          0x00000000080055d4        0x4 c:/users/hci-lab01/.platformio/packages/toolchain-gccarmnoneeabi/bin/../lib/gcc/arm-none-eabi/9.2.1/thumb/v7e-m+fp/hard/crti.o
                0x00000000080055d4                _init
 .init          0x00000000080055d8        0x8 c:/users/hci-lab01/.platformio/packages/toolchain-gccarmnoneeabi/bin/../lib/gcc/arm-none-eabi/9.2.1/thumb/v7e-m+fp/hard/crtn.o
 *(.fini)
 .fini          0x00000000080055e0        0x4 c:/users/hci-lab01/.platformio/packages/toolchain-gccarmnoneeabi/bin/../lib/gcc/arm-none-eabi/9.2.1/thumb/v7e-m+fp/hard/crti.o
                0x00000000080055e0                _fini
 .fini          0x00000000080055e4        0x8 c:/users/hci-lab01/.platformio/packages/toolchain-gccarmnoneeabi/bin/../lib/gcc/arm-none-eabi/9.2.1/thumb/v7e-m+fp/hard/crtn.o
                0x00000000080055ec                . = ALIGN (0x4)
                0x00000000080055ec                _etext = .

.vfp11_veneer   0x00000000080055ec        0x0
 .vfp11_veneer  0x00000000080055ec        0x0 linker stubs

.v4_bx          0x00000000080055ec        0x0
 .v4_bx         0x00000000080055ec        0x0 linker stubs

.iplt           0x00000000080055ec        0x0
 .iplt          0x00000000080055ec        0x0 c:/users/hci-lab01/.platformio/packages/toolchain-gccarmnoneeabi/bin/../lib/gcc/arm-none-eabi/9.2.1/thumb/v7e-m+fp/hard/crtbegin.o

.rodata         0x00000000080055ec     0x12e0
                0x00000000080055ec                . = ALIGN (0x4)
 *(.rodata)
 .rodata        0x00000000080055ec      0xc00 .pio/build/disco_f746ng/src/main.cpp.o
 *(.rodata*)
 .rodata.PinMap_UART_CTS
                0x00000000080061ec       0x9c .pio/build/disco_f746ng/FrameworkArduinoVariant/PeripheralPins.c.o
                0x00000000080061ec                PinMap_UART_CTS
 .rodata.PinMap_UART_RTS
                0x0000000008006288       0x9c .pio/build/disco_f746ng/FrameworkArduinoVariant/PeripheralPins.c.o
                0x0000000008006288                PinMap_UART_RTS
 .rodata.PinMap_UART_RX
                0x0000000008006324       0xc0 .pio/build/disco_f746ng/FrameworkArduinoVariant/PeripheralPins.c.o
                0x0000000008006324                PinMap_UART_RX
 .rodata.PinMap_UART_TX
                0x00000000080063e4       0xc0 .pio/build/disco_f746ng/FrameworkArduinoVariant/PeripheralPins.c.o
                0x00000000080063e4                PinMap_UART_TX
 .rodata.digitalPin
                0x00000000080064a4      0x2a0 .pio/build/disco_f746ng/FrameworkArduinoVariant/variant_DISCO_F746NG.cpp.o
                0x00000000080064a4                digitalPin
 .rodata.CSWTCH.53
                0x0000000008006744        0x3 .pio/build/disco_f746ng/SrcWrapper/src/HAL/stm32yyxx_hal_uart.c.o
 *fill*         0x0000000008006747        0x1 
 .rodata.CSWTCH.54
                0x0000000008006748        0xd .pio/build/disco_f746ng/SrcWrapper/src/HAL/stm32yyxx_hal_uart.c.o
 *fill*         0x0000000008006755        0x3 
 .rodata.pin_map_ll
                0x0000000008006758       0x40 .pio/build/disco_f746ng/SrcWrapper/src/stm32/pinmap.c.o
                0x0000000008006758                pin_map_ll
 .rodata.AHBPrescTable
                0x0000000008006798       0x10 .pio/build/disco_f746ng/SrcWrapper/src/stm32/system_stm32yyxx.c.o
                0x0000000008006798                AHBPrescTable
 .rodata.APBPrescTable
                0x00000000080067a8        0x8 .pio/build/disco_f746ng/SrcWrapper/src/stm32/system_stm32yyxx.c.o
                0x00000000080067a8                APBPrescTable
 .rodata.loop.str1.4
                0x00000000080067b0       0x37 .pio/build/disco_f746ng/src/main.cpp.o
 *fill*         0x00000000080067e7        0x1 
 .rodata.CSWTCH.69
                0x00000000080067e8       0x14 .pio/build/disco_f746ng/libFrameworkArduino.a(HardwareSerial.cpp.o)
 .rodata.CSWTCH.70
                0x00000000080067fc        0xc .pio/build/disco_f746ng/libFrameworkArduino.a(HardwareSerial.cpp.o)
 .rodata._ZTV14HardwareSerial
                0x0000000008006808       0x2c .pio/build/disco_f746ng/libFrameworkArduino.a(HardwareSerial.cpp.o)
                0x0000000008006808                vtable for HardwareSerial
 .rodata._global_impure_ptr
                0x0000000008006834        0x4 c:/users/hci-lab01/.platformio/packages/toolchain-gccarmnoneeabi/bin/../lib/gcc/arm-none-eabi/9.2.1/../../../../arm-none-eabi/lib/thumb/v7e-m+fp/hard\libc_nano.a(lib_a-impure.o)
                0x0000000008006834                _global_impure_ptr
 .rodata.__sf_fake_stderr
                0x0000000008006838       0x20 c:/users/hci-lab01/.platformio/packages/toolchain-gccarmnoneeabi/bin/../lib/gcc/arm-none-eabi/9.2.1/../../../../arm-none-eabi/lib/thumb/v7e-m+fp/hard\libc_nano.a(lib_a-findfp.o)
                0x0000000008006838                __sf_fake_stderr
 .rodata.__sf_fake_stdin
                0x0000000008006858       0x20 c:/users/hci-lab01/.platformio/packages/toolchain-gccarmnoneeabi/bin/../lib/gcc/arm-none-eabi/9.2.1/../../../../arm-none-eabi/lib/thumb/v7e-m+fp/hard\libc_nano.a(lib_a-findfp.o)
                0x0000000008006858                __sf_fake_stdin
 .rodata.__sf_fake_stdout
                0x0000000008006878       0x20 c:/users/hci-lab01/.platformio/packages/toolchain-gccarmnoneeabi/bin/../lib/gcc/arm-none-eabi/9.2.1/../../../../arm-none-eabi/lib/thumb/v7e-m+fp/hard\libc_nano.a(lib_a-findfp.o)
                0x0000000008006878                __sf_fake_stdout
 .rodata._vfprintf_r.str1.1
                0x0000000008006898       0x11 c:/users/hci-lab01/.platformio/packages/toolchain-gccarmnoneeabi/bin/../lib/gcc/arm-none-eabi/9.2.1/../../../../arm-none-eabi/lib/thumb/v7e-m+fp/hard\libc_nano.a(lib_a-nano-vfprintf.o)
 .rodata._printf_i.str1.1
                0x00000000080068a9       0x22 c:/users/hci-lab01/.platformio/packages/toolchain-gccarmnoneeabi/bin/../lib/gcc/arm-none-eabi/9.2.1/../../../../arm-none-eabi/lib/thumb/v7e-m+fp/hard\libc_nano.a(lib_a-nano-vfprintf_i.o)
                0x00000000080068cc                . = ALIGN (0x4)
 *fill*         0x00000000080068cb        0x1 

.ARM.extab      0x00000000080068cc        0x0
                0x00000000080068cc                . = ALIGN (0x4)
 *(.ARM.extab* .gnu.linkonce.armextab.*)
                0x00000000080068cc                . = ALIGN (0x4)

.ARM            0x00000000080068cc        0x8
                0x00000000080068cc                . = ALIGN (0x4)
                0x00000000080068cc                __exidx_start = .
 *(.ARM.exidx*)
 .ARM.exidx.text.__udivmoddi4
                0x00000000080068cc        0x8 c:/users/hci-lab01/.platformio/packages/toolchain-gccarmnoneeabi/bin/../lib/gcc/arm-none-eabi/9.2.1/thumb/v7e-m+fp/hard\libgcc.a(_udivmoddi4.o)
                0x00000000080068d4                __exidx_end = .
                0x00000000080068d4                . = ALIGN (0x4)

.rel.dyn        0x00000000080068d4        0x0
 .rel.iplt      0x00000000080068d4        0x0 c:/users/hci-lab01/.platformio/packages/toolchain-gccarmnoneeabi/bin/../lib/gcc/arm-none-eabi/9.2.1/thumb/v7e-m+fp/hard/crtbegin.o

.preinit_array  0x00000000080068d4        0x0
                0x00000000080068d4                . = ALIGN (0x4)
                0x00000000080068d4                PROVIDE (__preinit_array_start = .)
 *(.preinit_array*)
                0x00000000080068d4                PROVIDE (__preinit_array_end = .)
                0x00000000080068d4                . = ALIGN (0x4)

.init_array     0x00000000080068d4       0x10
                0x00000000080068d4                . = ALIGN (0x4)
                0x00000000080068d4                PROVIDE (__init_array_start = .)
 *(SORT_BY_NAME(.init_array.*))
 .init_array.00101
                0x00000000080068d4        0x4 .pio/build/disco_f746ng/libFrameworkArduino.a(main.cpp.o)
 *(.init_array*)
 .init_array    0x00000000080068d8        0x4 c:/users/hci-lab01/.platformio/packages/toolchain-gccarmnoneeabi/bin/../lib/gcc/arm-none-eabi/9.2.1/thumb/v7e-m+fp/hard/crtbegin.o
 .init_array    0x00000000080068dc        0x4 .pio/build/disco_f746ng/SrcWrapper/src/stm32/interrupt.cpp.o
 .init_array    0x00000000080068e0        0x4 .pio/build/disco_f746ng/libFrameworkArduino.a(HardwareSerial.cpp.o)
                0x00000000080068e4                PROVIDE (__init_array_end = .)
                0x00000000080068e4                . = ALIGN (0x4)

.fini_array     0x00000000080068e4        0x8
                0x00000000080068e4                . = ALIGN (0x4)
                [!provide]                        PROVIDE (__fini_array_start = .)
 *(SORT_BY_NAME(.fini_array.*))
 *(.fini_array*)
 .fini_array    0x00000000080068e4        0x4 c:/users/hci-lab01/.platformio/packages/toolchain-gccarmnoneeabi/bin/../lib/gcc/arm-none-eabi/9.2.1/thumb/v7e-m+fp/hard/crtbegin.o
 .fini_array    0x00000000080068e8        0x4 .pio/build/disco_f746ng/SrcWrapper/src/stm32/interrupt.cpp.o
                [!provide]                        PROVIDE (__fini_array_end = .)
                0x00000000080068ec                . = ALIGN (0x4)
                0x00000000080068ec                _sidata = LOADADDR (.data)

.data           0x0000000020000000      0xad4 load address 0x00000000080068ec
                0x0000000020000000                . = ALIGN (0x4)
                0x0000000020000000                _sdata = .
 *(.data)
 *(.data*)
 .data.uwTickFreq
                0x0000000020000000        0x1 .pio/build/disco_f746ng/SrcWrapper/src/HAL/stm32yyxx_hal.c.o
                0x0000000020000000                uwTickFreq
 *fill*         0x0000000020000001        0x3 
 .data.uwTickPrio
                0x0000000020000004        0x4 .pio/build/disco_f746ng/SrcWrapper/src/HAL/stm32yyxx_hal.c.o
                0x0000000020000004                uwTickPrio
 .data.hcrc     0x0000000020000008       0x24 .pio/build/disco_f746ng/SrcWrapper/src/stm32/hw_config.c.o
                0x0000000020000008                hcrc
 .data.SystemCoreClock
                0x000000002000002c        0x4 .pio/build/disco_f746ng/SrcWrapper/src/stm32/system_stm32yyxx.c.o
                0x000000002000002c                SystemCoreClock
 .data.serial_debug
                0x0000000020000030       0xbc .pio/build/disco_f746ng/SrcWrapper/src/stm32/uart.c.o
 .data.heap_end.10801
                0x00000000200000ec        0x4 .pio/build/disco_f746ng/SrcWrapper/src/syscalls.c.o
 .data._ZZ4loopE7conv_wt
                0x00000000200000f0      0x960 .pio/build/disco_f746ng/src/main.cpp.o
 .data._ZZ4loopE9conv_bias
                0x0000000020000a50       0x20 .pio/build/disco_f746ng/src/main.cpp.o
 .data._impure_ptr
                0x0000000020000a70        0x4 c:/users/hci-lab01/.platformio/packages/toolchain-gccarmnoneeabi/bin/../lib/gcc/arm-none-eabi/9.2.1/../../../../arm-none-eabi/lib/thumb/v7e-m+fp/hard\libc_nano.a(lib_a-impure.o)
                0x0000000020000a70                _impure_ptr
 .data.impure_data
                0x0000000020000a74       0x60 c:/users/hci-lab01/.platformio/packages/toolchain-gccarmnoneeabi/bin/../lib/gcc/arm-none-eabi/9.2.1/../../../../arm-none-eabi/lib/thumb/v7e-m+fp/hard\libc_nano.a(lib_a-impure.o)
 *(.RamFunc)
 *(.RamFunc*)
                0x0000000020000ad4                . = ALIGN (0x4)
                0x0000000020000ad4                _edata = .

.igot.plt       0x0000000020000ad4        0x0 load address 0x00000000080073c0
 .igot.plt      0x0000000020000ad4        0x0 c:/users/hci-lab01/.platformio/packages/toolchain-gccarmnoneeabi/bin/../lib/gcc/arm-none-eabi/9.2.1/thumb/v7e-m+fp/hard/crtbegin.o
                0x0000000020000ad4                . = ALIGN (0x4)

.bss            0x0000000020000ad4      0x328 load address 0x00000000080073c0
                0x0000000020000ad4                _sbss = .
                0x0000000020000ad4                __bss_start__ = _sbss
 *(.bss)
 *(.bss*)
 .bss.completed.10274
                0x0000000020000ad4        0x1 c:/users/hci-lab01/.platformio/packages/toolchain-gccarmnoneeabi/bin/../lib/gcc/arm-none-eabi/9.2.1/thumb/v7e-m+fp/hard/crtbegin.o
 *fill*         0x0000000020000ad5        0x3 
 .bss.object.10279
                0x0000000020000ad8       0x18 c:/users/hci-lab01/.platformio/packages/toolchain-gccarmnoneeabi/bin/../lib/gcc/arm-none-eabi/9.2.1/thumb/v7e-m+fp/hard/crtbegin.o
 .bss.HardwareTimer_Handle
                0x0000000020000af0       0x38 .pio/build/disco_f746ng/SrcWrapper/src/HardwareTimer.cpp.o
                0x0000000020000af0                HardwareTimer_Handle
 .bss._ZL13gpio_irq_conf
                0x0000000020000b28      0x140 .pio/build/disco_f746ng/SrcWrapper/src/stm32/interrupt.cpp.o
 .bss.uart_handlers
                0x0000000020000c68       0x20 .pio/build/disco_f746ng/SrcWrapper/src/stm32/uart.c.o
 .bss.Serial1   0x0000000020000c88      0x158 .pio/build/disco_f746ng/libFrameworkArduino.a(HardwareSerial.cpp.o)
                0x0000000020000c88                Serial1
 .bss.__malloc_free_list
                0x0000000020000de0        0x4 c:/users/hci-lab01/.platformio/packages/toolchain-gccarmnoneeabi/bin/../lib/gcc/arm-none-eabi/9.2.1/../../../../arm-none-eabi/lib/thumb/v7e-m+fp/hard\libc_nano.a(lib_a-nano-mallocr.o)
                0x0000000020000de0                __malloc_free_list
 .bss.__malloc_sbrk_start
                0x0000000020000de4        0x4 c:/users/hci-lab01/.platformio/packages/toolchain-gccarmnoneeabi/bin/../lib/gcc/arm-none-eabi/9.2.1/../../../../arm-none-eabi/lib/thumb/v7e-m+fp/hard\libc_nano.a(lib_a-nano-mallocr.o)
                0x0000000020000de4                __malloc_sbrk_start
 *(COMMON)
 COMMON         0x0000000020000de8        0x4 .pio/build/disco_f746ng/SrcWrapper/src/HAL/stm32yyxx_hal.c.o
                0x0000000020000de8                uwTick
 COMMON         0x0000000020000dec        0x4 c:/users/hci-lab01/.platformio/packages/toolchain-gccarmnoneeabi/bin/../lib/gcc/arm-none-eabi/9.2.1/../../../../arm-none-eabi/lib/thumb/v7e-m+fp/hard\libc_nano.a(lib_a-reent.o)
                0x0000000020000dec                errno
 COMMON         0x0000000020000df0        0x9 c:/users/hci-lab01/.platformio/packages/toolchain-gccarmnoneeabi/bin/../lib/gcc/arm-none-eabi/9.2.1/../../../../arm-none-eabi/lib/thumb/v7e-m+fp/hard\libc_nano.a(lib_a-lock.o)
                0x0000000020000df0                __lock___atexit_recursive_mutex
                0x0000000020000df1                __lock___arc4random_mutex
                0x0000000020000df2                __lock___env_recursive_mutex
                0x0000000020000df3                __lock___sinit_recursive_mutex
                0x0000000020000df4                __lock___malloc_recursive_mutex
                0x0000000020000df5                __lock___at_quick_exit_mutex
                0x0000000020000df6                __lock___dd_hash_mutex
                0x0000000020000df7                __lock___tz_mutex
                0x0000000020000df8                __lock___sfp_recursive_mutex
                0x0000000020000dfc                . = ALIGN (0x4)
 *fill*         0x0000000020000df9        0x3 
                0x0000000020000dfc                _ebss = .
                0x0000000020000dfc                __bss_end__ = _ebss
LOAD c:/users/hci-lab01/.platformio/packages/toolchain-gccarmnoneeabi/bin/../lib/gcc/arm-none-eabi/9.2.1/thumb/v7e-m+fp/hard/crti.o
LOAD c:/users/hci-lab01/.platformio/packages/toolchain-gccarmnoneeabi/bin/../lib/gcc/arm-none-eabi/9.2.1/thumb/v7e-m+fp/hard/crtbegin.o
LOAD c:/users/hci-lab01/.platformio/packages/toolchain-gccarmnoneeabi/bin/../lib/gcc/arm-none-eabi/9.2.1/../../../../arm-none-eabi/lib/thumb/v7e-m+fp/hard/crt0.o
Address of section .itcm set to 0x0
Address of section .dtcm set to 0x20000000
                0x0000000000100000                LD_MAX_SIZE = 0x100000
                0x0000000000050000                LD_MAX_DATA_SIZE = 0x50000
                0x0000000000000000                LD_FLASH_OFFSET = 0x0
LOAD .pio/build/disco_f746ng/FrameworkArduinoVariant/PeripheralPins.c.o
LOAD .pio/build/disco_f746ng/FrameworkArduinoVariant/PeripheralPins_DISCO_F746NG.c.o
LOAD .pio/build/disco_f746ng/FrameworkArduinoVariant/generic_clock.c.o
LOAD .pio/build/disco_f746ng/FrameworkArduinoVariant/variant_DISCO_F746NG.cpp.o
LOAD .pio/build/disco_f746ng/FrameworkArduinoVariant/variant_generic.cpp.o
LOAD .pio/build/disco_f746ng/SrcWrapper/src/HAL/stm32yyxx_hal.c.o
LOAD .pio/build/disco_f746ng/SrcWrapper/src/HAL/stm32yyxx_hal_adc.c.o
LOAD .pio/build/disco_f746ng/SrcWrapper/src/HAL/stm32yyxx_hal_adc_ex.c.o
LOAD .pio/build/disco_f746ng/SrcWrapper/src/HAL/stm32yyxx_hal_can.c.o
LOAD .pio/build/disco_f746ng/SrcWrapper/src/HAL/stm32yyxx_hal_cec.c.o
LOAD .pio/build/disco_f746ng/SrcWrapper/src/HAL/stm32yyxx_hal_comp.c.o
LOAD .pio/build/disco_f746ng/SrcWrapper/src/HAL/stm32yyxx_hal_comp_ex.c.o
LOAD .pio/build/disco_f746ng/SrcWrapper/src/HAL/stm32yyxx_hal_cordic.c.o
LOAD .pio/build/disco_f746ng/SrcWrapper/src/HAL/stm32yyxx_hal_cortex.c.o
LOAD .pio/build/disco_f746ng/SrcWrapper/src/HAL/stm32yyxx_hal_crc.c.o
LOAD .pio/build/disco_f746ng/SrcWrapper/src/HAL/stm32yyxx_hal_crc_ex.c.o
LOAD .pio/build/disco_f746ng/SrcWrapper/src/HAL/stm32yyxx_hal_cryp.c.o
LOAD .pio/build/disco_f746ng/SrcWrapper/src/HAL/stm32yyxx_hal_cryp_ex.c.o
LOAD .pio/build/disco_f746ng/SrcWrapper/src/HAL/stm32yyxx_hal_dac.c.o
LOAD .pio/build/disco_f746ng/SrcWrapper/src/HAL/stm32yyxx_hal_dac_ex.c.o
LOAD .pio/build/disco_f746ng/SrcWrapper/src/HAL/stm32yyxx_hal_dcache.c.o
LOAD .pio/build/disco_f746ng/SrcWrapper/src/HAL/stm32yyxx_hal_dcmi.c.o
LOAD .pio/build/disco_f746ng/SrcWrapper/src/HAL/stm32yyxx_hal_dcmi_ex.c.o
LOAD .pio/build/disco_f746ng/SrcWrapper/src/HAL/stm32yyxx_hal_dfsdm.c.o
LOAD .pio/build/disco_f746ng/SrcWrapper/src/HAL/stm32yyxx_hal_dfsdm_ex.c.o
LOAD .pio/build/disco_f746ng/SrcWrapper/src/HAL/stm32yyxx_hal_dma.c.o
LOAD .pio/build/disco_f746ng/SrcWrapper/src/HAL/stm32yyxx_hal_dma2d.c.o
LOAD .pio/build/disco_f746ng/SrcWrapper/src/HAL/stm32yyxx_hal_dma_ex.c.o
LOAD .pio/build/disco_f746ng/SrcWrapper/src/HAL/stm32yyxx_hal_dsi.c.o
LOAD .pio/build/disco_f746ng/SrcWrapper/src/HAL/stm32yyxx_hal_dts.c.o
LOAD .pio/build/disco_f746ng/SrcWrapper/src/HAL/stm32yyxx_hal_eth.c.o
LOAD .pio/build/disco_f746ng/SrcWrapper/src/HAL/stm32yyxx_hal_eth_ex.c.o
LOAD .pio/build/disco_f746ng/SrcWrapper/src/HAL/stm32yyxx_hal_exti.c.o
LOAD .pio/build/disco_f746ng/SrcWrapper/src/HAL/stm32yyxx_hal_fdcan.c.o
LOAD .pio/build/disco_f746ng/SrcWrapper/src/HAL/stm32yyxx_hal_firewall.c.o
LOAD .pio/build/disco_f746ng/SrcWrapper/src/HAL/stm32yyxx_hal_flash.c.o
LOAD .pio/build/disco_f746ng/SrcWrapper/src/HAL/stm32yyxx_hal_flash_ex.c.o
LOAD .pio/build/disco_f746ng/SrcWrapper/src/HAL/stm32yyxx_hal_flash_ramfunc.c.o
LOAD .pio/build/disco_f746ng/SrcWrapper/src/HAL/stm32yyxx_hal_fmac.c.o
LOAD .pio/build/disco_f746ng/SrcWrapper/src/HAL/stm32yyxx_hal_fmpi2c.c.o
LOAD .pio/build/disco_f746ng/SrcWrapper/src/HAL/stm32yyxx_hal_fmpi2c_ex.c.o
LOAD .pio/build/disco_f746ng/SrcWrapper/src/HAL/stm32yyxx_hal_fmpsmbus.c.o
LOAD .pio/build/disco_f746ng/SrcWrapper/src/HAL/stm32yyxx_hal_fmpsmbus_ex.c.o
LOAD .pio/build/disco_f746ng/SrcWrapper/src/HAL/stm32yyxx_hal_gfxmmu.c.o
LOAD .pio/build/disco_f746ng/SrcWrapper/src/HAL/stm32yyxx_hal_gpio.c.o
LOAD .pio/build/disco_f746ng/SrcWrapper/src/HAL/stm32yyxx_hal_gpio_ex.c.o
LOAD .pio/build/disco_f746ng/SrcWrapper/src/HAL/stm32yyxx_hal_gpu2d.c.o
LOAD .pio/build/disco_f746ng/SrcWrapper/src/HAL/stm32yyxx_hal_gtzc.c.o
LOAD .pio/build/disco_f746ng/SrcWrapper/src/HAL/stm32yyxx_hal_hash.c.o
LOAD .pio/build/disco_f746ng/SrcWrapper/src/HAL/stm32yyxx_hal_hash_ex.c.o
LOAD .pio/build/disco_f746ng/SrcWrapper/src/HAL/stm32yyxx_hal_hcd.c.o
LOAD .pio/build/disco_f746ng/SrcWrapper/src/HAL/stm32yyxx_hal_hrtim.c.o
LOAD .pio/build/disco_f746ng/SrcWrapper/src/HAL/stm32yyxx_hal_hsem.c.o
LOAD .pio/build/disco_f746ng/SrcWrapper/src/HAL/stm32yyxx_hal_i2c.c.o
LOAD .pio/build/disco_f746ng/SrcWrapper/src/HAL/stm32yyxx_hal_i2c_ex.c.o
LOAD .pio/build/disco_f746ng/SrcWrapper/src/HAL/stm32yyxx_hal_i2s.c.o
LOAD .pio/build/disco_f746ng/SrcWrapper/src/HAL/stm32yyxx_hal_i2s_ex.c.o
LOAD .pio/build/disco_f746ng/SrcWrapper/src/HAL/stm32yyxx_hal_icache.c.o
LOAD .pio/build/disco_f746ng/SrcWrapper/src/HAL/stm32yyxx_hal_ipcc.c.o
LOAD .pio/build/disco_f746ng/SrcWrapper/src/HAL/stm32yyxx_hal_irda.c.o
LOAD .pio/build/disco_f746ng/SrcWrapper/src/HAL/stm32yyxx_hal_iwdg.c.o
LOAD .pio/build/disco_f746ng/SrcWrapper/src/HAL/stm32yyxx_hal_jpeg.c.o
LOAD .pio/build/disco_f746ng/SrcWrapper/src/HAL/stm32yyxx_hal_lcd.c.o
LOAD .pio/build/disco_f746ng/SrcWrapper/src/HAL/stm32yyxx_hal_lptim.c.o
LOAD .pio/build/disco_f746ng/SrcWrapper/src/HAL/stm32yyxx_hal_ltdc.c.o
LOAD .pio/build/disco_f746ng/SrcWrapper/src/HAL/stm32yyxx_hal_ltdc_ex.c.o
LOAD .pio/build/disco_f746ng/SrcWrapper/src/HAL/stm32yyxx_hal_mdf.c.o
LOAD .pio/build/disco_f746ng/SrcWrapper/src/HAL/stm32yyxx_hal_mdios.c.o
LOAD .pio/build/disco_f746ng/SrcWrapper/src/HAL/stm32yyxx_hal_mdma.c.o
LOAD .pio/build/disco_f746ng/SrcWrapper/src/HAL/stm32yyxx_hal_mmc.c.o
LOAD .pio/build/disco_f746ng/SrcWrapper/src/HAL/stm32yyxx_hal_mmc_ex.c.o
LOAD .pio/build/disco_f746ng/SrcWrapper/src/HAL/stm32yyxx_hal_nand.c.o
LOAD .pio/build/disco_f746ng/SrcWrapper/src/HAL/stm32yyxx_hal_nor.c.o
LOAD .pio/build/disco_f746ng/SrcWrapper/src/HAL/stm32yyxx_hal_opamp.c.o
LOAD .pio/build/disco_f746ng/SrcWrapper/src/HAL/stm32yyxx_hal_opamp_ex.c.o
LOAD .pio/build/disco_f746ng/SrcWrapper/src/HAL/stm32yyxx_hal_ospi.c.o
LOAD .pio/build/disco_f746ng/SrcWrapper/src/HAL/stm32yyxx_hal_otfdec.c.o
LOAD .pio/build/disco_f746ng/SrcWrapper/src/HAL/stm32yyxx_hal_pccard.c.o
LOAD .pio/build/disco_f746ng/SrcWrapper/src/HAL/stm32yyxx_hal_pcd.c.o
LOAD .pio/build/disco_f746ng/SrcWrapper/src/HAL/stm32yyxx_hal_pcd_ex.c.o
LOAD .pio/build/disco_f746ng/SrcWrapper/src/HAL/stm32yyxx_hal_pka.c.o
LOAD .pio/build/disco_f746ng/SrcWrapper/src/HAL/stm32yyxx_hal_pssi.c.o
LOAD .pio/build/disco_f746ng/SrcWrapper/src/HAL/stm32yyxx_hal_pwr.c.o
LOAD .pio/build/disco_f746ng/SrcWrapper/src/HAL/stm32yyxx_hal_pwr_ex.c.o
LOAD .pio/build/disco_f746ng/SrcWrapper/src/HAL/stm32yyxx_hal_qspi.c.o
LOAD .pio/build/disco_f746ng/SrcWrapper/src/HAL/stm32yyxx_hal_ramcfg.c.o
LOAD .pio/build/disco_f746ng/SrcWrapper/src/HAL/stm32yyxx_hal_ramecc.c.o
LOAD .pio/build/disco_f746ng/SrcWrapper/src/HAL/stm32yyxx_hal_rcc.c.o
LOAD .pio/build/disco_f746ng/SrcWrapper/src/HAL/stm32yyxx_hal_rcc_ex.c.o
LOAD .pio/build/disco_f746ng/SrcWrapper/src/HAL/stm32yyxx_hal_rng.c.o
LOAD .pio/build/disco_f746ng/SrcWrapper/src/HAL/stm32yyxx_hal_rng_ex.c.o
LOAD .pio/build/disco_f746ng/SrcWrapper/src/HAL/stm32yyxx_hal_rtc.c.o
LOAD .pio/build/disco_f746ng/SrcWrapper/src/HAL/stm32yyxx_hal_rtc_ex.c.o
LOAD .pio/build/disco_f746ng/SrcWrapper/src/HAL/stm32yyxx_hal_sai.c.o
LOAD .pio/build/disco_f746ng/SrcWrapper/src/HAL/stm32yyxx_hal_sai_ex.c.o
LOAD .pio/build/disco_f746ng/SrcWrapper/src/HAL/stm32yyxx_hal_sd.c.o
LOAD .pio/build/disco_f746ng/SrcWrapper/src/HAL/stm32yyxx_hal_sd_ex.c.o
LOAD .pio/build/disco_f746ng/SrcWrapper/src/HAL/stm32yyxx_hal_sdadc.c.o
LOAD .pio/build/disco_f746ng/SrcWrapper/src/HAL/stm32yyxx_hal_sdram.c.o
LOAD .pio/build/disco_f746ng/SrcWrapper/src/HAL/stm32yyxx_hal_smartcard.c.o
LOAD .pio/build/disco_f746ng/SrcWrapper/src/HAL/stm32yyxx_hal_smartcard_ex.c.o
LOAD .pio/build/disco_f746ng/SrcWrapper/src/HAL/stm32yyxx_hal_smbus.c.o
LOAD .pio/build/disco_f746ng/SrcWrapper/src/HAL/stm32yyxx_hal_smbus_ex.c.o
LOAD .pio/build/disco_f746ng/SrcWrapper/src/HAL/stm32yyxx_hal_spdifrx.c.o
LOAD .pio/build/disco_f746ng/SrcWrapper/src/HAL/stm32yyxx_hal_spi.c.o
LOAD .pio/build/disco_f746ng/SrcWrapper/src/HAL/stm32yyxx_hal_spi_ex.c.o
LOAD .pio/build/disco_f746ng/SrcWrapper/src/HAL/stm32yyxx_hal_sram.c.o
LOAD .pio/build/disco_f746ng/SrcWrapper/src/HAL/stm32yyxx_hal_subghz.c.o
LOAD .pio/build/disco_f746ng/SrcWrapper/src/HAL/stm32yyxx_hal_swpmi.c.o
LOAD .pio/build/disco_f746ng/SrcWrapper/src/HAL/stm32yyxx_hal_tim.c.o
LOAD .pio/build/disco_f746ng/SrcWrapper/src/HAL/stm32yyxx_hal_tim_ex.c.o
LOAD .pio/build/disco_f746ng/SrcWrapper/src/HAL/stm32yyxx_hal_tsc.c.o
LOAD .pio/build/disco_f746ng/SrcWrapper/src/HAL/stm32yyxx_hal_uart.c.o
LOAD .pio/build/disco_f746ng/SrcWrapper/src/HAL/stm32yyxx_hal_uart_ex.c.o
LOAD .pio/build/disco_f746ng/SrcWrapper/src/HAL/stm32yyxx_hal_usart.c.o
LOAD .pio/build/disco_f746ng/SrcWrapper/src/HAL/stm32yyxx_hal_usart_ex.c.o
LOAD .pio/build/disco_f746ng/SrcWrapper/src/HAL/stm32yyxx_hal_wwdg.c.o
LOAD .pio/build/disco_f746ng/SrcWrapper/src/HAL/stm32yyxx_hal_xspi.c.o
LOAD .pio/build/disco_f746ng/SrcWrapper/src/HardwareTimer.cpp.o
LOAD .pio/build/disco_f746ng/SrcWrapper/src/LL/stm32yyxx_ll_adc.c.o
LOAD .pio/build/disco_f746ng/SrcWrapper/src/LL/stm32yyxx_ll_bdma.c.o
LOAD .pio/build/disco_f746ng/SrcWrapper/src/LL/stm32yyxx_ll_comp.c.o
LOAD .pio/build/disco_f746ng/SrcWrapper/src/LL/stm32yyxx_ll_cordic.c.o
LOAD .pio/build/disco_f746ng/SrcWrapper/src/LL/stm32yyxx_ll_crc.c.o
LOAD .pio/build/disco_f746ng/SrcWrapper/src/LL/stm32yyxx_ll_crs.c.o
LOAD .pio/build/disco_f746ng/SrcWrapper/src/LL/stm32yyxx_ll_dac.c.o
LOAD .pio/build/disco_f746ng/SrcWrapper/src/LL/stm32yyxx_ll_delayblock.c.o
LOAD .pio/build/disco_f746ng/SrcWrapper/src/LL/stm32yyxx_ll_dlyb.c.o
LOAD .pio/build/disco_f746ng/SrcWrapper/src/LL/stm32yyxx_ll_dma.c.o
LOAD .pio/build/disco_f746ng/SrcWrapper/src/LL/stm32yyxx_ll_dma2d.c.o
LOAD .pio/build/disco_f746ng/SrcWrapper/src/LL/stm32yyxx_ll_exti.c.o
LOAD .pio/build/disco_f746ng/SrcWrapper/src/LL/stm32yyxx_ll_fmac.c.o
LOAD .pio/build/disco_f746ng/SrcWrapper/src/LL/stm32yyxx_ll_fmc.c.o
LOAD .pio/build/disco_f746ng/SrcWrapper/src/LL/stm32yyxx_ll_fmpi2c.c.o
LOAD .pio/build/disco_f746ng/SrcWrapper/src/LL/stm32yyxx_ll_fsmc.c.o
LOAD .pio/build/disco_f746ng/SrcWrapper/src/LL/stm32yyxx_ll_gpio.c.o
LOAD .pio/build/disco_f746ng/SrcWrapper/src/LL/stm32yyxx_ll_hrtim.c.o
LOAD .pio/build/disco_f746ng/SrcWrapper/src/LL/stm32yyxx_ll_i2c.c.o
LOAD .pio/build/disco_f746ng/SrcWrapper/src/LL/stm32yyxx_ll_icache.c.o
LOAD .pio/build/disco_f746ng/SrcWrapper/src/LL/stm32yyxx_ll_lpgpio.c.o
LOAD .pio/build/disco_f746ng/SrcWrapper/src/LL/stm32yyxx_ll_lptim.c.o
LOAD .pio/build/disco_f746ng/SrcWrapper/src/LL/stm32yyxx_ll_lpuart.c.o
LOAD .pio/build/disco_f746ng/SrcWrapper/src/LL/stm32yyxx_ll_mdma.c.o
LOAD .pio/build/disco_f746ng/SrcWrapper/src/LL/stm32yyxx_ll_opamp.c.o
LOAD .pio/build/disco_f746ng/SrcWrapper/src/LL/stm32yyxx_ll_pka.c.o
LOAD .pio/build/disco_f746ng/SrcWrapper/src/LL/stm32yyxx_ll_pwr.c.o
LOAD .pio/build/disco_f746ng/SrcWrapper/src/LL/stm32yyxx_ll_rcc.c.o
LOAD .pio/build/disco_f746ng/SrcWrapper/src/LL/stm32yyxx_ll_rng.c.o
LOAD .pio/build/disco_f746ng/SrcWrapper/src/LL/stm32yyxx_ll_rtc.c.o
LOAD .pio/build/disco_f746ng/SrcWrapper/src/LL/stm32yyxx_ll_sdmmc.c.o
LOAD .pio/build/disco_f746ng/SrcWrapper/src/LL/stm32yyxx_ll_spi.c.o
LOAD .pio/build/disco_f746ng/SrcWrapper/src/LL/stm32yyxx_ll_swpmi.c.o
LOAD .pio/build/disco_f746ng/SrcWrapper/src/LL/stm32yyxx_ll_tim.c.o
LOAD .pio/build/disco_f746ng/SrcWrapper/src/LL/stm32yyxx_ll_ucpd.c.o
LOAD .pio/build/disco_f746ng/SrcWrapper/src/LL/stm32yyxx_ll_usart.c.o
LOAD .pio/build/disco_f746ng/SrcWrapper/src/LL/stm32yyxx_ll_usb.c.o
LOAD .pio/build/disco_f746ng/SrcWrapper/src/LL/stm32yyxx_ll_utils.c.o
LOAD .pio/build/disco_f746ng/SrcWrapper/src/new.cpp.o
LOAD .pio/build/disco_f746ng/SrcWrapper/src/stm32/PortNames.c.o
LOAD .pio/build/disco_f746ng/SrcWrapper/src/stm32/analog.cpp.o
LOAD .pio/build/disco_f746ng/SrcWrapper/src/stm32/bootloader.c.o
LOAD .pio/build/disco_f746ng/SrcWrapper/src/stm32/clock.c.o
LOAD .pio/build/disco_f746ng/SrcWrapper/src/stm32/core_callback.c.o
LOAD .pio/build/disco_f746ng/SrcWrapper/src/stm32/dwt.c.o
LOAD .pio/build/disco_f746ng/SrcWrapper/src/stm32/hw_config.c.o
LOAD .pio/build/disco_f746ng/SrcWrapper/src/stm32/interrupt.cpp.o
LOAD .pio/build/disco_f746ng/SrcWrapper/src/stm32/otp.c.o
LOAD .pio/build/disco_f746ng/SrcWrapper/src/stm32/pinmap.c.o
LOAD .pio/build/disco_f746ng/SrcWrapper/src/stm32/stm32_def.c.o
LOAD .pio/build/disco_f746ng/SrcWrapper/src/stm32/system_stm32yyxx.c.o
LOAD .pio/build/disco_f746ng/SrcWrapper/src/stm32/timer.c.o
LOAD .pio/build/disco_f746ng/SrcWrapper/src/stm32/uart.c.o
LOAD .pio/build/disco_f746ng/SrcWrapper/src/syscalls.c.o
LOAD .pio/build/disco_f746ng/src/main.cpp.o
START GROUP
LOAD .pio/build/disco_f746ng/libd23/libCMSIS-NN.a
LOAD .pio/build/disco_f746ng/libf54/libModules.a
LOAD .pio/build/disco_f746ng/libFrameworkArduino.a
LOAD C:/Users/hci-lab01/.platformio/packages/framework-cmsis/CMSIS/DSP/Lib/GCC\libarm_cortexM7lfsp_math.a
LOAD c:/users/hci-lab01/.platformio/packages/toolchain-gccarmnoneeabi/bin/../lib/gcc/arm-none-eabi/9.2.1/thumb/v7e-m+fp/hard\libgcc.a
LOAD c:/users/hci-lab01/.platformio/packages/toolchain-gccarmnoneeabi/bin/../lib/gcc/arm-none-eabi/9.2.1/../../../../arm-none-eabi/lib/thumb/v7e-m+fp/hard\libstdc++_nano.a
END GROUP
LOAD c:/users/hci-lab01/.platformio/packages/toolchain-gccarmnoneeabi/bin/../lib/gcc/arm-none-eabi/9.2.1/../../../../arm-none-eabi/lib/thumb/v7e-m+fp/hard\libstdc++_nano.a
LOAD c:/users/hci-lab01/.platformio/packages/toolchain-gccarmnoneeabi/bin/../lib/gcc/arm-none-eabi/9.2.1/../../../../arm-none-eabi/lib/thumb/v7e-m+fp/hard\libm.a
LOAD c:/users/hci-lab01/.platformio/packages/toolchain-gccarmnoneeabi/bin/../lib/gcc/arm-none-eabi/9.2.1/../../../../arm-none-eabi/lib/thumb/v7e-m+fp/hard\libc_nano.a
START GROUP
LOAD c:/users/hci-lab01/.platformio/packages/toolchain-gccarmnoneeabi/bin/../lib/gcc/arm-none-eabi/9.2.1/thumb/v7e-m+fp/hard\libgcc.a
LOAD c:/users/hci-lab01/.platformio/packages/toolchain-gccarmnoneeabi/bin/../lib/gcc/arm-none-eabi/9.2.1/../../../../arm-none-eabi/lib/thumb/v7e-m+fp/hard\libc_nano.a
END GROUP
START GROUP
LOAD c:/users/hci-lab01/.platformio/packages/toolchain-gccarmnoneeabi/bin/../lib/gcc/arm-none-eabi/9.2.1/thumb/v7e-m+fp/hard\libgcc.a
LOAD c:/users/hci-lab01/.platformio/packages/toolchain-gccarmnoneeabi/bin/../lib/gcc/arm-none-eabi/9.2.1/../../../../arm-none-eabi/lib/thumb/v7e-m+fp/hard\libc_nano.a
END GROUP
LOAD c:/users/hci-lab01/.platformio/packages/toolchain-gccarmnoneeabi/bin/../lib/gcc/arm-none-eabi/9.2.1/thumb/v7e-m+fp/hard/crtend.o
LOAD c:/users/hci-lab01/.platformio/packages/toolchain-gccarmnoneeabi/bin/../lib/gcc/arm-none-eabi/9.2.1/thumb/v7e-m+fp/hard/crtn.o

.noinit         0x0000000020000dfc        0x0
                0x0000000020000dfc                . = ALIGN (0x4)
                0x0000000020000dfc                _snoinit = .
 *(.noinit)
 *(.noinit*)
                0x0000000020000dfc                . = ALIGN (0x4)
                0x0000000020000dfc                _enoinit = .

._user_heap_stack
                0x0000000020000dfc      0x604
                0x0000000020000e00                . = ALIGN (0x8)
 *fill*         0x0000000020000dfc        0x4 
                [!provide]                        PROVIDE (end = .)
                0x0000000020000e00                PROVIDE (_end = .)
                0x0000000020001000                . = (. + _Min_Heap_Size)
 *fill*         0x0000000020000e00      0x200 
                0x0000000020001400                . = (. + _Min_Stack_Size)
 *fill*         0x0000000020001000      0x400 
                0x0000000020001400                . = ALIGN (0x8)

/DISCARD/
 libc.a(*)
 libm.a(*)
 libgcc.a(*)

.ARM.attributes
                0x0000000000000000       0x30
 *(.ARM.attributes)
 .ARM.attributes
                0x0000000000000000       0x1e c:/users/hci-lab01/.platformio/packages/toolchain-gccarmnoneeabi/bin/../lib/gcc/arm-none-eabi/9.2.1/thumb/v7e-m+fp/hard/crti.o
 .ARM.attributes
                0x000000000000001e       0x34 c:/users/hci-lab01/.platformio/packages/toolchain-gccarmnoneeabi/bin/../lib/gcc/arm-none-eabi/9.2.1/thumb/v7e-m+fp/hard/crtbegin.o
 .ARM.attributes
                0x0000000000000052       0x39 .pio/build/disco_f746ng/FrameworkArduinoVariant/PeripheralPins.c.o
 .ARM.attributes
                0x000000000000008b       0x34 .pio/build/disco_f746ng/FrameworkArduinoVariant/variant_DISCO_F746NG.cpp.o
 .ARM.attributes
                0x00000000000000bf       0x34 .pio/build/disco_f746ng/SrcWrapper/src/HAL/stm32yyxx_hal.c.o
 .ARM.attributes
                0x00000000000000f3       0x34 .pio/build/disco_f746ng/SrcWrapper/src/HAL/stm32yyxx_hal_cortex.c.o
 .ARM.attributes
                0x0000000000000127       0x34 .pio/build/disco_f746ng/SrcWrapper/src/HAL/stm32yyxx_hal_crc.c.o
 .ARM.attributes
                0x000000000000015b       0x34 .pio/build/disco_f746ng/SrcWrapper/src/HAL/stm32yyxx_hal_crc_ex.c.o
 .ARM.attributes
                0x000000000000018f       0x34 .pio/build/disco_f746ng/SrcWrapper/src/HAL/stm32yyxx_hal_dma.c.o
 .ARM.attributes
                0x00000000000001c3       0x34 .pio/build/disco_f746ng/SrcWrapper/src/HAL/stm32yyxx_hal_gpio.c.o
 .ARM.attributes
                0x00000000000001f7       0x34 .pio/build/disco_f746ng/SrcWrapper/src/HAL/stm32yyxx_hal_pwr_ex.c.o
 .ARM.attributes
                0x000000000000022b       0x34 .pio/build/disco_f746ng/SrcWrapper/src/HAL/stm32yyxx_hal_rcc.c.o
 .ARM.attributes
                0x000000000000025f       0x34 .pio/build/disco_f746ng/SrcWrapper/src/HAL/stm32yyxx_hal_rcc_ex.c.o
 .ARM.attributes
                0x0000000000000293       0x34 .pio/build/disco_f746ng/SrcWrapper/src/HAL/stm32yyxx_hal_tim.c.o
 .ARM.attributes
                0x00000000000002c7       0x34 .pio/build/disco_f746ng/SrcWrapper/src/HAL/stm32yyxx_hal_tim_ex.c.o
 .ARM.attributes
                0x00000000000002fb       0x34 .pio/build/disco_f746ng/SrcWrapper/src/HAL/stm32yyxx_hal_uart.c.o
 .ARM.attributes
                0x000000000000032f       0x34 .pio/build/disco_f746ng/SrcWrapper/src/HardwareTimer.cpp.o
 .ARM.attributes
                0x0000000000000363       0x34 .pio/build/disco_f746ng/SrcWrapper/src/stm32/PortNames.c.o
 .ARM.attributes
                0x0000000000000397       0x34 .pio/build/disco_f746ng/SrcWrapper/src/stm32/clock.c.o
 .ARM.attributes
                0x00000000000003cb       0x34 .pio/build/disco_f746ng/SrcWrapper/src/stm32/dwt.c.o
 .ARM.attributes
                0x00000000000003ff       0x34 .pio/build/disco_f746ng/SrcWrapper/src/stm32/hw_config.c.o
 .ARM.attributes
                0x0000000000000433       0x34 .pio/build/disco_f746ng/SrcWrapper/src/stm32/interrupt.cpp.o
 .ARM.attributes
                0x0000000000000467       0x34 .pio/build/disco_f746ng/SrcWrapper/src/stm32/pinmap.c.o
 .ARM.attributes
                0x000000000000049b       0x34 .pio/build/disco_f746ng/SrcWrapper/src/stm32/system_stm32yyxx.c.o
 .ARM.attributes
                0x00000000000004cf       0x34 .pio/build/disco_f746ng/SrcWrapper/src/stm32/timer.c.o
 .ARM.attributes
                0x0000000000000503       0x34 .pio/build/disco_f746ng/SrcWrapper/src/stm32/uart.c.o
 .ARM.attributes
                0x0000000000000537       0x34 .pio/build/disco_f746ng/SrcWrapper/src/syscalls.c.o
 .ARM.attributes
                0x000000000000056b       0x34 .pio/build/disco_f746ng/src/main.cpp.o
 .ARM.attributes
                0x000000000000059f       0x34 .pio/build/disco_f746ng/libf54/libModules.a(direct_origin.cpp.o)
 .ARM.attributes
                0x00000000000005d3       0x34 .pio/build/disco_f746ng/libFrameworkArduino.a(HardwareSerial.cpp.o)
 .ARM.attributes
                0x0000000000000607       0x34 .pio/build/disco_f746ng/libFrameworkArduino.a(Stream.cpp.o)
 .ARM.attributes
                0x000000000000063b       0x34 .pio/build/disco_f746ng/libFrameworkArduino.a(main.cpp.o)
 .ARM.attributes
                0x000000000000066f       0x21 .pio/build/disco_f746ng/libFrameworkArduino.a(startup_stm32yyxx.S.o)
 .ARM.attributes
                0x0000000000000690       0x34 .pio/build/disco_f746ng/libFrameworkArduino.a(wiring_time.c.o)
 .ARM.attributes
                0x00000000000006c4       0x34 .pio/build/disco_f746ng/libFrameworkArduino.a(Print.cpp.o)
 .ARM.attributes
                0x00000000000006f8       0x34 .pio/build/disco_f746ng/libFrameworkArduino.a(WSerial.cpp.o)
 .ARM.attributes
                0x000000000000072c       0x34 .pio/build/disco_f746ng/libFrameworkArduino.a(board.c.o)
 .ARM.attributes
                0x0000000000000760       0x34 .pio/build/disco_f746ng/libFrameworkArduino.a(hooks.c.o)
 .ARM.attributes
                0x0000000000000794       0x1e c:/users/hci-lab01/.platformio/packages/toolchain-gccarmnoneeabi/bin/../lib/gcc/arm-none-eabi/9.2.1/thumb/v7e-m+fp/hard\libgcc.a(_aeabi_uldivmod.o)
 .ARM.attributes
                0x00000000000007b2       0x34 c:/users/hci-lab01/.platformio/packages/toolchain-gccarmnoneeabi/bin/../lib/gcc/arm-none-eabi/9.2.1/thumb/v7e-m+fp/hard\libgcc.a(_udivmoddi4.o)
 .ARM.attributes
                0x00000000000007e6       0x1e c:/users/hci-lab01/.platformio/packages/toolchain-gccarmnoneeabi/bin/../lib/gcc/arm-none-eabi/9.2.1/thumb/v7e-m+fp/hard\libgcc.a(_dvmd_tls.o)
 .ARM.attributes
                0x0000000000000804       0x32 c:/users/hci-lab01/.platformio/packages/toolchain-gccarmnoneeabi/bin/../lib/gcc/arm-none-eabi/9.2.1/../../../../arm-none-eabi/lib/thumb/v7e-m+fp/hard\libc_nano.a(lib_a-impure.o)
 .ARM.attributes
                0x0000000000000836       0x34 c:/users/hci-lab01/.platformio/packages/toolchain-gccarmnoneeabi/bin/../lib/gcc/arm-none-eabi/9.2.1/../../../../arm-none-eabi/lib/thumb/v7e-m+fp/hard\libc_nano.a(lib_a-init.o)
 .ARM.attributes
                0x000000000000086a       0x34 c:/users/hci-lab01/.platformio/packages/toolchain-gccarmnoneeabi/bin/../lib/gcc/arm-none-eabi/9.2.1/../../../../arm-none-eabi/lib/thumb/v7e-m+fp/hard\libc_nano.a(lib_a-memcpy-stub.o)
 .ARM.attributes
                0x000000000000089e       0x34 c:/users/hci-lab01/.platformio/packages/toolchain-gccarmnoneeabi/bin/../lib/gcc/arm-none-eabi/9.2.1/../../../../arm-none-eabi/lib/thumb/v7e-m+fp/hard\libc_nano.a(lib_a-memset.o)
 .ARM.attributes
                0x00000000000008d2       0x34 c:/users/hci-lab01/.platformio/packages/toolchain-gccarmnoneeabi/bin/../lib/gcc/arm-none-eabi/9.2.1/../../../../arm-none-eabi/lib/thumb/v7e-m+fp/hard\libc_nano.a(lib_a-nano-freer.o)
 .ARM.attributes
                0x0000000000000906       0x34 c:/users/hci-lab01/.platformio/packages/toolchain-gccarmnoneeabi/bin/../lib/gcc/arm-none-eabi/9.2.1/../../../../arm-none-eabi/lib/thumb/v7e-m+fp/hard\libc_nano.a(lib_a-nano-mallocr.o)
 .ARM.attributes
                0x000000000000093a       0x34 c:/users/hci-lab01/.platformio/packages/toolchain-gccarmnoneeabi/bin/../lib/gcc/arm-none-eabi/9.2.1/../../../../arm-none-eabi/lib/thumb/v7e-m+fp/hard\libc_nano.a(lib_a-printf.o)
 .ARM.attributes
                0x000000000000096e       0x34 c:/users/hci-lab01/.platformio/packages/toolchain-gccarmnoneeabi/bin/../lib/gcc/arm-none-eabi/9.2.1/../../../../arm-none-eabi/lib/thumb/v7e-m+fp/hard\libc_nano.a(lib_a-puts.o)
 .ARM.attributes
                0x00000000000009a2       0x34 c:/users/hci-lab01/.platformio/packages/toolchain-gccarmnoneeabi/bin/../lib/gcc/arm-none-eabi/9.2.1/../../../../arm-none-eabi/lib/thumb/v7e-m+fp/hard\libc_nano.a(lib_a-reent.o)
 .ARM.attributes
                0x00000000000009d6       0x34 c:/users/hci-lab01/.platformio/packages/toolchain-gccarmnoneeabi/bin/../lib/gcc/arm-none-eabi/9.2.1/../../../../arm-none-eabi/lib/thumb/v7e-m+fp/hard\libc_nano.a(lib_a-sbrkr.o)
 .ARM.attributes
                0x0000000000000a0a       0x34 c:/users/hci-lab01/.platformio/packages/toolchain-gccarmnoneeabi/bin/../lib/gcc/arm-none-eabi/9.2.1/../../../../arm-none-eabi/lib/thumb/v7e-m+fp/hard\libc_nano.a(lib_a-wbuf.o)
 .ARM.attributes
                0x0000000000000a3e       0x34 c:/users/hci-lab01/.platformio/packages/toolchain-gccarmnoneeabi/bin/../lib/gcc/arm-none-eabi/9.2.1/../../../../arm-none-eabi/lib/thumb/v7e-m+fp/hard\libc_nano.a(lib_a-writer.o)
 .ARM.attributes
                0x0000000000000a72       0x34 c:/users/hci-lab01/.platformio/packages/toolchain-gccarmnoneeabi/bin/../lib/gcc/arm-none-eabi/9.2.1/../../../../arm-none-eabi/lib/thumb/v7e-m+fp/hard\libc_nano.a(lib_a-wsetup.o)
 .ARM.attributes
                0x0000000000000aa6       0x34 c:/users/hci-lab01/.platformio/packages/toolchain-gccarmnoneeabi/bin/../lib/gcc/arm-none-eabi/9.2.1/../../../../arm-none-eabi/lib/thumb/v7e-m+fp/hard\libc_nano.a(lib_a-fflush.o)
 .ARM.attributes
                0x0000000000000ada       0x34 c:/users/hci-lab01/.platformio/packages/toolchain-gccarmnoneeabi/bin/../lib/gcc/arm-none-eabi/9.2.1/../../../../arm-none-eabi/lib/thumb/v7e-m+fp/hard\libc_nano.a(lib_a-findfp.o)
 .ARM.attributes
                0x0000000000000b0e       0x34 c:/users/hci-lab01/.platformio/packages/toolchain-gccarmnoneeabi/bin/../lib/gcc/arm-none-eabi/9.2.1/../../../../arm-none-eabi/lib/thumb/v7e-m+fp/hard\libc_nano.a(lib_a-fwalk.o)
 .ARM.attributes
                0x0000000000000b42       0x34 c:/users/hci-lab01/.platformio/packages/toolchain-gccarmnoneeabi/bin/../lib/gcc/arm-none-eabi/9.2.1/../../../../arm-none-eabi/lib/thumb/v7e-m+fp/hard\libc_nano.a(lib_a-lock.o)
 .ARM.attributes
                0x0000000000000b76       0x34 c:/users/hci-lab01/.platformio/packages/toolchain-gccarmnoneeabi/bin/../lib/gcc/arm-none-eabi/9.2.1/../../../../arm-none-eabi/lib/thumb/v7e-m+fp/hard\libc_nano.a(lib_a-makebuf.o)
 .ARM.attributes
                0x0000000000000baa       0x34 c:/users/hci-lab01/.platformio/packages/toolchain-gccarmnoneeabi/bin/../lib/gcc/arm-none-eabi/9.2.1/../../../../arm-none-eabi/lib/thumb/v7e-m+fp/hard\libc_nano.a(lib_a-mlock.o)
 .ARM.attributes
                0x0000000000000bde       0x34 c:/users/hci-lab01/.platformio/packages/toolchain-gccarmnoneeabi/bin/../lib/gcc/arm-none-eabi/9.2.1/../../../../arm-none-eabi/lib/thumb/v7e-m+fp/hard\libc_nano.a(lib_a-nano-vfprintf.o)
 .ARM.attributes
                0x0000000000000c12       0x34 c:/users/hci-lab01/.platformio/packages/toolchain-gccarmnoneeabi/bin/../lib/gcc/arm-none-eabi/9.2.1/../../../../arm-none-eabi/lib/thumb/v7e-m+fp/hard\libc_nano.a(lib_a-nano-vfprintf_i.o)
 .ARM.attributes
                0x0000000000000c46       0x34 c:/users/hci-lab01/.platformio/packages/toolchain-gccarmnoneeabi/bin/../lib/gcc/arm-none-eabi/9.2.1/../../../../arm-none-eabi/lib/thumb/v7e-m+fp/hard\libc_nano.a(lib_a-stdio.o)
 .ARM.attributes
                0x0000000000000c7a       0x34 c:/users/hci-lab01/.platformio/packages/toolchain-gccarmnoneeabi/bin/../lib/gcc/arm-none-eabi/9.2.1/../../../../arm-none-eabi/lib/thumb/v7e-m+fp/hard\libc_nano.a(lib_a-closer.o)
 .ARM.attributes